[2026-03-16 20:13:47] source=Team management - Pantima - Notes_Event_Cleaned.csv total=328
  0350_fiona_grace.txt
  0461_emily_rourke.txt
  0462_devin_patel.txt
  0463_monica_reeves.txt
  0464_nolan_pierce.txt
  0465_lauren_mcbride.txt
  0466_marcus_holloway.txt
  0467_priya_nand.txt
  0468_troy_denman.txt
  0469_emily_sosa.txt
  0470_benjamin_kruse.txt
  0471_tasha_henson.txt
  0472_owen_patel.txt
  0473_sierra_coleman.txt
  0474_harold_blevins.txt
  0475_melissa_harper.txt
  0476_jordan_wells.txt
  0477_aaliyah_monroe.txt
  0479_priya_shah.txt
  0481_natalie_brooks.txt
  0482_hector_alvarez.txt
  0483_claire_donnelly.txt
  0484_marcus_bennett.txt
  0486_brandon_lee.txt
  0487_andrea_nguyen.txt
  0489_rachel_foster.txt
  0490_kevin_ramirez.txt
  0491_olivia_bennett.txt
  0493_dana_whitfield.txt
  0494_ethan_sullivan.txt
  0495_lauren_mcbride.txt
  0496_marcus_holloway.txt
  0497_priya_venkataraman.txt
  0498_ethan_caldwell.txt
  0499_sofia_ramirez.txt
  0500_daniel_whitaker.txt
  0501_naomi_fischer.txt
  0502_colin_reeves.txt
  0503_aisha_thornton.txt
  0505_lauren_pike.txt
  0506_daniel_mercer.txt
  0508_marcus_bell.txt
  0509_priya_nand.txt
  0510_trevor_lane.txt
  0511_sierra_vaughn.txt
  0512_hector_ruiz.txt
  0513_erin_caldwell.txt
  0514_nolan_pierce.txt
  0516_darnell_whitaker.txt
  0517_keisha_monroe.txt
  0518_nolan_pierce.txt
  0519_teresa_vaughn.txt
  0520_victor_salazar.txt
  0522_jamal_ferguson.txt
  0523_brianna_hsu.txt
  0524_gregory_mays.txt
  0525_alyssa_moreno.txt
  0527_hannah_pike.txt
  0529_simone_baxter.txt
  0530_trevor_brandt.txt
  0531_brianna_holt.txt
  0532_oscar_nguyen.txt
  0533_keisha_ramsey.txt
  0534_evan_carver.txt
  0535_marissa_cole.txt
  0536_derek_vaughn.txt
  0537_tiana_brooks.txt
  0538_nolan_pierce.txt
  0539_simone_alvarez.txt
  0563_monica_greene.txt
  0564_jerome_watkins.txt
  0565_emily_sutter.txt
  0566_hassan_doyle.txt
  0568_ethan_ramirez.txt
  0569_brian_holloway.txt
  0571_derrick_lawson.txt
  0573_felicia_boone.txt
  0574_owen_mercer.txt
  0577_tiana_brooks.txt
  0580_avery_patel.txt
  0581_harold_benson.txt
  0582_sierra_holloway.txt
  0584_marissa_cole.txt
  0586_erin_whitaker.txt
  0587_priya_sethi.txt
  0588_jordan_pike.txt
  0589_hannah_mercer.txt
  0590_omar_bennett.txt
  0591_lucia_hammond.txt
  0592_travis_nguyen.txt
  0593_melissa_carter.txt
  0594_brandon_lee.txt
  0595_kevin_brooks.txt
  0596_erica_nguyen.txt
  0598_tasha_reynolds.txt
  0599_priya_shah.txt
  0600_lucas_bennett.txt
  0602_keith_holloway.txt
  0604_tiffany_shah.txt
  0605_derek_lawson.txt
  0606_emily_barton.txt
  0607_jamal_turner.txt
  0608_hannah_leblanc.txt
  0609_oscar_pineda.txt
  0610_olivia_hart.txt
  0611_marcus_delaney.txt
  0612_hannah_price.txt
  0613_ethan_rowe.txt
  0614_serena_vaughn.txt
  0616_bianca_flores.txt
  0617_trevor_boone.txt
  0618_leah_sutton.txt
  0620_ava_martinez.txt
  0621_chloe_bennett.txt
  0622_daniel_brooks.txt
  0625_priya_shah.txt
  0626_noah_ramirez.txt
  0627_sierra_howard.txt
  0629_avery_collins.txt
  0630_kelsey_morgan.txt
  0631_danielle_foster.txt
  0632_trevor_bennett.txt
  0633_nicole_hughes.txt
  0634_ethan_brooks.txt
  0636_caleb_turner.txt
  0637_natalie_brewer.txt
  0638_marcus_holloway.txt
  0639_olivia_chen.txt
  0640_derrick_vaughn.txt
  0643_paige_sullivan.txt
  0644_jamal_foster.txt
  0645_brooke_delaney.txt
  0647_marissa_doyle.txt
  0649_evelyn_hart.txt
  0650_jordan_kim.txt
  0653_nina_salazar.txt
  0654_curtis_blevins.txt
  0655_lila_mercer.txt
  0657_hannah_mercer.txt
  0658_olivia_park.txt
  0659_daniel_ruiz.txt
  0662_melissa_grant.txt
  0664_brooke_ellison.txt
  0665_kevin_foster.txt
  0667_marcus_hill.txt
  0668_danielle_perez.txt
  0669_noah_whitaker.txt
  0670_priya_shah.txt
  0672_elena_brooks.txt
  0673_jamal_reed.txt
  0674_hannah_doyle.txt
  0678_hannah_doyle.txt
  0679_ethan_pike.txt
  0680_brianna_flores.txt
  0683_noah_whitaker.txt
  0684_serena_patel.txt
  0685_trevor_boone.txt
  0687_marcus_holloway.txt
  0688_elena_price.txt
  0689_trevor_gaines.txt
  0691_daniel_kessler.txt
  0692_bianca_salazar.txt
  0695_marissa_cole.txt
  0698_lucas_bennett.txt
  0699_heather_sloan.txt
  0701_jenna_park.txt
  0702_ethan_pierce.txt
  0704_noah_whitaker.txt
  0705_marissa_cole.txt
  0706_devin_harlow.txt
  0708_omar_beckett.txt
  0709_kiara_mendoza.txt
  0710_nathaniel_briggs.txt
  0712_collin_reeves.txt
  0713_hannah_wexler.txt
  0714_byron_tate.txt
  0716_marcus_ellison.txt
  0719_elena_sosa.txt
  0722_daniel_kessler.txt
  0723_nicole_whitaker.txt
  0725_alyssa_moreno.txt
  0727_nina_patel.txt
  0728_marcus_hallie.txt
  0730_owen_carver.txt
  0732_hector_alvarez.txt
  0734_jamal_rivers.txt
  0737_denise_holloway.txt
  0738_caleb_foster.txt
  0741_aimee_lutz.txt
  0742_jonah_peralta.txt
  0743_rhonda_pike.txt
  0745_melina_merlin.txt
  0746_trevor_manning.txt
  0747_denise_harper.txt
  0748_brandon_liu.txt
  0749_alicia_moreno.txt
  0753_felicia_grant.txt
  0754_wyatt_benson.txt
  0756_daniel_ruiz.txt
  0757_hannah_cole.txt
  0758_kevin_atwood.txt
  0759_priya_nair.txt
  0760_marcus_bennett.txt
  0763_lauren_mcbride.txt
  0764_omar_delgado.txt
  0765_megan_holloway.txt
  0767_tasha_nguyen.txt
  0768_carlos_mendez.txt
  0769_dana_whitfield.txt
  0770_jordan_pike.txt
  0772_evan_rutledge.txt
  0776_darnell_price.txt
  0808_malcolm_reed.txt
  0809_elena_whitaker.txt
  0810_marissa_doyle.txt
  0811_daniel_harper.txt
  0812_aisha_bennett.txt
  0813_victor_salazar.txt
  0814_elena_brooks.txt
  0815_marissa_doyle.txt
  0816_derek_holloway.txt
  0817_talia_brenner.txt
  0818_jordan_pike.txt
  0819_elaine_mercer.txt
  0820_alyssa_monroe.txt
  0821_marcus_holloway.txt
  0822_denise_park.txt
  0823_ronald_bishop.txt
  0824_sofia_bennett.txt
  0825_marissa_cole.txt
  0826_trevor_nash.txt
  0827_dana_whitfield.txt
  0828_lionel_barker.txt
  0829_evelyn_price.txt
  0830_olivia_mercer.txt
  0831_marcus_holloway.txt
  0832_hannah_ruiz.txt
  0833_deshawn_pike.txt
  0834_priya_donnelly.txt
  0835_marissa_coleman.txt
  0836_devin_hart.txt
  0837_aaliyah_price.txt
  0838_harold_vance.txt
  0839_jenna_whitaker.txt
  0840_alyssa_moreno.txt
  0841_marcus_bell.txt
  0842_priya_shah.txt
  0843_daniel_harper.txt
  0844_sofia_bennett.txt
  0845_marissa_cole.txt
  0846_terrence_holloway.txt
  0847_olivia_hart.txt
  0848_brandon_pike.txt
  0849_denise_warner.txt
  0850_marissa_cole.txt
  0851_darren_whitaker.txt
  0852_talia_nguyen.txt
  0853_owen_mercer.txt
  0854_bianca_ramirez.txt
  0855_hannah_mercer.txt
  0856_marcus_holloway.txt
  0857_priya_ellison.txt
  0858_caleb_donnelly.txt
  0859_sofia_bennett.txt
  0860_marissa_cole.txt
  0861_trevor_nguyen.txt
  0862_alicia_benton.txt
  0863_damon_pierce.txt
  0864_evelyn_hart.txt
  0865_alyssa_moreno.txt
  0866_darren_pike.txt
  0867_kiara_benson.txt
  0868_russell_avery.txt
  0869_simone_caldwell.txt
  0870_natalie_brooks.txt
  0871_marcus_holloway.txt
  0872_brianna_patel.txt
  0873_julian_mercer.txt
  0874_denise_alvarez.txt
  0875_alyssa_moreno.txt
  0876_marcus_holloway.txt
  0877_priya_shah.txt
  0878_devin_mccall.txt
  0879_elena_brooks.txt
  0880_marissa_cole.txt
  0881_caleb_morton.txt
  0882_tiana_brooks.txt
  0883_daniel_kerr.txt
  0884_renee_holloway.txt
  0885_marissa_coleman.txt
  0886_darnell_price.txt
  0887_evelyn_hart.txt
  0888_owen_mercer.txt
  0889_priya_holloway.txt
  0890_marissa_cole.txt
  0891_daniel_mercer.txt
  0892_tasha_nguyen.txt
  0893_evan_holloway.txt
  0894_priya_salazar.txt
  0895_marissa_holt.txt
  0896_devon_pierce.txt
  0897_cynthia_alvarez.txt
  0898_kyle_brennan.txt
  0899_elaine_mercer.txt
  0900_marissa_holt.txt
  0901_daniel_mercer.txt
  0902_tiana_brooks.txt
  0903_gregory_lane.txt
  0904_evelyn_park.txt
  0905_marissa_cole.txt
  0906_derrick_vaughn.txt
  0907_elena_whitaker.txt
  0908_nolan_pierce.txt
  0909_camille_rios.txt
  0910_melissa_grant.txt
  0911_brandon_lee.txt
  0912_tasha_moreno.txt
  0913_eric_holloway.txt
  0914_hannah_pierce.txt
  0915_marissa_doyle.txt
  0916_trevor_haines.txt
  0917_elena_pruitt.txt
  0918_damon_cross.txt
  0919_nicole_vargas.txt
  0920_marissa_cole.txt
  0922_aisha_bennett.txt
  0923_trevor_mills.txt
  0924_priya_holloway.txt

