[2026-03-16 20:14:33] source=Team management - Pantima - Notes_Topic.csv total=1050
  0210_allison_abney.txt
  0211_hannah_mercer.txt
  0212_caelan_wakefield.txt
  0213_ava_collins.txt
  0215_mason_keller.txt
  0216_marissa_doyle.txt
  0217_lauren_mcbride.txt
  0218_hannah_mercer.txt
  0220_mason_brooks.txt
  0221_marissa_cole.txt
  0222_maya_ellison.txt
  0223_marissa_holt.txt
  0224_marissa_cole.txt
  0226_olivia_hart.txt
  0227_lauren_pike.txt
  0228_kenzie_kenzie.txt
  0229_marcus_vic.txt
  0230_trevor_mays.txt
  0232_darren_whitaker.txt
  0233_tiana_brooks.txt
  0235_jimmie_holloway.txt
  0236_marcus_bell.txt
  0237_evan_ramirez.txt
  0238_tiana_morales.txt
  0239_jamal_whitaker.txt
  0240_daniel_mercer.txt
  0241_deshawn_porter.txt
  0242_andre_whitaker.txt
  0243_elena_brooks.txt
  0244_daniel_price.txt
  0245_marcus_lyle.txt
  0246_trevor_holloway.txt
  0247_priya_thrussell.txt
  0249_elena_ramirez.txt
  0250_aaliyah_greene.txt
  0251_derek_holloway.txt
  0252_denise_harper.txt
  0254_priya_nand.txt
  0255_tiana_brooks.txt
  0256_harper_nguyen.txt
  0257_elena_vasquez.txt
  0258_tiana_brooks.txt
  0261_darius_monroe.txt
  0262_marissa_cole.txt
  0263_denise_atwood.txt
  0264_dana_bishop.txt
  0265_walter_griggs.txt
  0266_nathaniel_price.txt
  0267_trevor_boone.txt
  0268_benjamin_hart.txt
  0269_elena_park.txt
  0270_calvin_brooks.txt
  0271_evan_richter.txt
  0272_joel_whitaker.txt
  0273_nicholas_hart.txt
  0274_julian_pierce.txt
  0275_noah_bennett.txt
  0276_colin_reyes.txt
  0277_victor_mendez.txt
  0278_marcus_dillard.txt
  0279_priya_hensley.txt
  0280_ethan_mercer.txt
  0282_burrows.txt
  0283_dannie_aston.txt
  0284_jaycee_draper.txt
  0285_janelle_price.txt
  0286_renee_alvarez.txt
  0287_russell_pike.txt
  0288_alicia_kent.txt
  0289_brianna_florant.txt
  0290_elise_porter.txt
  0291_lauren_patel.txt
  0292_rebecca_sloan.txt
  0293_felicia_harmon.txt
  0294_erin_holloway.txt
  0295_nina_caldwell.txt
  0297_colin_mercer.txt
  0299_priya_sethi.txt
  0300_edwin_park.txt
  0301_derek_martel.txt
  0302_owen_barrett.txt
  0303_owen_parker.txt
  0304_tyler_monroe.txt
  0305_brianna_soto.txt
  0306_jordan_patel.txt
  0308_terrence_cole.txt
  0310_devin_holloway.txt
  0311_derek_sloan.txt
  0312_marcus_blevins.txt
  0313_caleb_turner.txt
  0315_tessa_holloway.txt
  0316_trevor_sloan.txt
  0317_caleb_moreno.txt
  0318_felicia_monrony.txt
  0319_naomirory.txt
  0320_daniela_pruitt.txt
  0322_jocelyn_price.txt
  0323_noah_whitaker.txt
  0324_hannah_reeves.txt
  0325_chelsea_pham.txt
  0326_kelsey_rowan.txt
  0327_felicia_monroe.txt
  0328_alana_price.txt
  0329_tiana_brooks.txt
  0330_holly_nguyen.txt
  0331_jocelyn_reeves.txt
  0332_elena_foster.txt
  0333_sparrow_darby.txt
  0334_harper_nguyen.txt
  0335_hannah_crowe.txt
  0336_samuel_ortiz.txt
  0338_simon_rivas.txt
  0339_darius_reed.txt
  0340_cedric_boone.txt
  0341_carla_nguyen.txt
  0342_victor_lang.txt
  0343_derrick_boone.txt
  0344_dominic_reeves.txt
  0345_owen_pierce.txt
  0347_graham_porter.txt
  0349_owen_farley.txt
  0350_colin_mercer.txt
  0351_sabrina_lowe.txt
  0352_caleb_foster.txt
  0353_terrence_boone.txt
  0354_heather_sloan.txt
  0355_camille_price.txt
  0356_felicia_harmon.txt
  0357_melissa_grant.txt
  0358_elaine_foster.txt
  0359_jamal_reeves.txt
  0364_simone_ellis.txt
  0366_rachel_sutter.txt
  0367_talia_brooks.txt
  0368_dana_rios.txt
  0369_caleb_norris.txt
  0371_monica_velez.txt
  0372_jordan_hammond.txt
  0374_jordan_pike.txt
  0375_caleb_foster.txt
  0376_noah_bishop.txt
  0378_russell_avery.txt
  0379_jordan_layne.txt
  0380_victor_sloane.txt
  0381_caleb_sutton.txt
  0382_patrick_dorsey.txt
  0384_owen_carlisle.txt
  0385_harold_kim.txt
  0387_naomi_kerr.txt
  0388_garrett_holloway.txt
  0389_janelle_brooks.txt
  0390_monica_reeves.txt
  0391_emilykerry.txt
  0393_jade_aston.txt
  0394_emily_carter.txt
  0395_silver_winslow.txt
  0396_maya_ellison.txt
  0397_hannah_shannon.txt
  0398_hannah_price.txt
  0399_emily_carter.txt
  0403_avery_collins.txt
  0405_mason_rivera.txt
  0406_lauren_pike.txt
  0407_lauren_briggs.txt
  0408_trevor_holloway.txt
  0409_marcus_brierley.txt
  0410_marcus_bell.txt
  0411_devon_hart.txt
  0412_marcus_hill.txt
  0413_storm_sands.txt
  0414_marcus_bell.txt
  0415_darcy_pike.txt
  0416_marcus_delaney.txt
  0417_marcus_holloway.txt
  0418_brian_holloway.txt
  0419_grant_holloway.txt
  0420_jordan_reyes.txt
  0423_danielle_price.txt
  0424_marcus_holloway.txt
  0425_isaiah_turner.txt
  0427_brierley_ramirez.txt
  0429_kiara_bennett.txt
  0431_jordan_pruitt.txt
  0433_alicia_velez.txt
  0434_tasha_nguyen.txt
  0436_nina_delgado.txt
  0438_nia_patterson.txt
  0439_nina_alvarez.txt
  0441_jordan_kim.txt
  0442_tessa_moreno.txt
  0443_priya_henson.txt
  0444_damien_cross.txt
  0447_anthony_russo.txt
  0448_daniel_brooks.txt
  0449_elena_carver.txt
  0450_tyler_gaines.txt
  0451_charly_holloway.txt
  0452_kevin_holbrook.txt
  0453_steven_ramirez.txt
  0454_terrence_cole.txt
  0455_terrence_boone.txt
  0456_mason_turner.txt
  0457_tyler_brooks.txt
  0458_ethan_caldwell.txt
  0459_priya_holloway.txt
  0460_glenn_foster.txt
  0461_daniel_mercer.txt
  0462_sabrina_lowe.txt
  0463_lauren_kim.txt
  0464_d_arcy_shearer.txt
  0465_hannah_price.txt
  0466_jasmine_foster.txt
  0467_devon_holloway.txt
  0468_dana_whitmore.txt
  0470_brielle_sutton.txt
  0471_jasmine_lee.txt
  0472_amy_sutherland.txt
  0473_brooke_hanley.txt
  0474_celeste_brooks.txt
  0475_hannah_price.txt
  0476_felicia_tran.txt
  0477_caleb_sutton.txt
  0478_aisha_bennett.txt
  0479_tessa_holloway.txt
  0480_nathaniel_burke.txt
  0481_nathan_price.txt
  0483_caleb_mercer.txt
  0484_noah_ramirez.txt
  0486_billie_frye.txt
  0487_tyler_garrison.txt
  0488_cole_ramsey.txt
  0493_devon_reed.txt
  0494_gregory_mays.txt
  0495_promise_lowry.txt
  0496_caleb_strickland.txt
  0497_noah_patel.txt
  0498_carla_mendez.txt
  0500_simone_alvarez.txt
  0501_brianna_yates.txt
  0502_rachel_simmons.txt
  0503_andre_keller.txt
  0505_priya_ellison.txt
  0506_denise_whitaker.txt
  0507_olivia_bennett.txt
  0508_priya_raman.txt
  0510_brianna_whitfield.txt
  0511_sophia_nguyen.txt
  0512_hannah_sorensen.txt
  0513_noah_bennett.txt
  0514_holly_reeves.txt
  0515_monica_reyes.txt
  0516_isaac_temple.txt
  0518_gregory_miles.txt
  0519_jordan_pike.txt
  0520_tyler_jenkins.txt
  0522_noah_hensley.txt
  0523_corey_maddox.txt
  0524_julian_mercer.txt
  0526_caleb_foster.txt
  0528_ethan_marshall.txt
  0529_jaycee_henryson.txt
  0531_rachel_monroe.txt
  0532_jordan_hale.txt
  0533_garrett_sloan.txt
  0534_jenna_whitmore.txt
  0535_hannah_wells.txt
  0536_maya_thompson.txt
  0538_hannah_patel.txt
  0539_caleb_dunne.txt
  0540_brianna_foster.txt
  0541_nicole_abrams.txt
  0542_leah_mccormick.txt
  0543_brianna_mitchell.txt
  0544_sonia_patel.txt
  0547_lauren_mitchell.txt
  0549_avery_cole.txt
  0550_priyanka_das.txt
  0551_emily_voss.txt
  0552_eese_price.txt
  0553_terrence_cole.txt
  0554_russell_dean.txt
  0555_raymond_kim.txt
  0556_kevin_walker.txt
  0558_victor_salazar.txt
  0559_derek_lamont.txt
  0560_omar_ellis.txt
  0561_harold_nguyen.txt
  0562_marcus_bell.txt
  0563_colin_sutter.txt
  0564_logan_price.txt
  0567_henry_walsh.txt
  0569_malik_donnelly.txt
  0570_brooke_cole.txt
  0571_harley_cole.txt
  0572_emily_carter.txt
  0574_lauren_whitfield.txt
  0575_mason_holloway.txt
  0576_avery_collins.txt
  0578_avery_collins.txt
  0580_hannah_ortiz.txt
  0582_lauren_pierce.txt
  0583_rylee_griffiths.txt
  0584_hannah_mercer.txt
  0585_wren_wood.txt
  0587_emily_carter.txt
  0588_haley_bennett.txt
  0589_julian_park.txt
  0590_brian_holloway.txt
  0591_gerry_parsons.txt
  0594_marcus_bennett.txt
  0595_trevor_haines.txt
  0596_marcus_hale.txt
  0597_brandon_lee.txt
  0598_marcus_lee.txt
  0599_darnell_hayes.txt
  0600_marcus_doyle.txt
  0601_theo_martinez.txt
  0602_marcus_ellison.txt
  0603_nicky_proudfoot.txt
  0604_trevor_hines.txt
  0605_marcus_hill.txt
  0607_fayholloway.txt
  0608_jasmine_nguyen.txt
  0609_tiana_brooks.txt
  0610_jenna_morales.txt
  0613_elaine_porter.txt
  0614_selena_brooks.txt
  0615_tiana_brooks.txt
  0617_elena_park.txt
  0618_denise_holloway.txt
  0619_aisha_bennett.txt
  0621_teal_travis.txt
  0622_jasmine_patel.txt
  0623_tania_brooks.txt
  0624_isaac_moreno.txt
  0625_trevor_dawson.txt
  0626_caleb_foster.txt
  0627_caleb_monroe.txt
  0628_peter_holloway.txt
  0629_priya_dalton.txt
  0630_ethan_walker.txt
  0631_damon_ruiz.txt
  0632_jordan_mercer.txt
  0633_victor_salazar.txt
  0634_daniel_brooks.txt
  0636_evan_mcbride.txt
  0637_daniel_hsu.txt
  0638_daniel_price.txt
  0640_marcus_ellison.txt
  0641_noah_bennett.txt
  0642_renee_holloway.txt
  0643_aaliyah_benton.txt
  0644_olivia_brooks.txt
  0645_elena_hart.txt
  0648_sofia_ramirez.txt
  0649_kendra_lowe.txt
  0650_dana_whitfield.txt
  0651_rachel_nguyen.txt
  0652_chloe_bennett.txt
  0654_tiana_brooks.txt
  0655_keisha_dunn.txt
  0656_alicia_romero.txt
  0657_jordan_alvarez.txt
  0658_erin_caldwell.txt
  0659_rachel_nguyen.txt
  0660_nolan_reeves.txt
  0662_marcus_delaney.txt
  0663_henry_lawson.txt
  0665_denise_carpenter.txt
  0666_caleb_foster.txt
  0667_calvin_brooks.txt
  0670_steven_alvarez.txt
  0671_caleb_mercer.txt
  0672_rachel_nguyen.txt
  0673_owen_fletcher.txt
  0675_renee_holloway.txt
  0676_noah_whitaker.txt
  0678_aisha_durham.txt
  0679_felicia_monroe.txt
  0680_tasha_reynolds.txt
  0681_brianna_ng.txt
  0682_evelyn_park.txt
  0683_julian_beckett.txt
  0684_danielle_brooks.txt
  0685_brianna_pike.txt
  0686_brianna_foster.txt
  0688_jasmine_cole.txt
  0689_jocelyn_ramirez.txt
  0690_caleb_sutton.txt
  0694_bianca_reeves.txt
  0695_sophia_ramirez.txt
  0696_grant_wilkes.txt
  0698_daniel_kim.txt
  0699_omar_reyes.txt
  0700_nolan_reese.txt
  0701_kendra_sloan.txt
  0704_trevor_nguyen.txt
  0705_kevin_odom.txt
  0706_robert_kim.txt
  0707_noah_whitfield.txt
  0710_jamal_whitaker.txt
  0711_chloe_mercer.txt
  0713_jared_collins.txt
  0714_woods_ramirez.txt
  0715_rachel_simmons.txt
  0716_hannah_walters.txt
  0717_kelsey_moran.txt
  0718_felicia_harmon.txt
  0719_connor_weller.txt
  0721_sophia_duran.txt
  0723_sabrina_holt.txt
  0724_emily_foster.txt
  0726_darius_cole.txt
  0727_helen_park.txt
  0729_brandon_pike.txt
  0730_tiana_brooks.txt
  0732_collins_foster.txt
  0735_russell_bennett.txt
  0736_grant_phelps.txt
  0738_nolan_price.txt
  0739_jason_whitlock.txt
  0740_caleb_sutton.txt
  0743_hank_deluca.txt
  0744_holly_bennett.txt
  0745_jordan_pike.txt
  0746_ethan_holloway.txt
  0747_allison_garner.txt
  0749_ethan_morales.txt
  0751_dusty_cole.txt
  0753_maya_ellison.txt
  0754_avery_collins.txt
  0755_steph_hodgson.txt
  0756_brianna_holt.txt
  0757_melissa_grant.txt
  0758_hannah_pierce.txt
  0764_daley_winton.txt
  0765_lauren_pike.txt
  0766_ashley_todd.txt
  0768_clarke_whitaker.txt
  0770_devin_harper.txt
  0771_daniel_pryor.txt
  0772_jordan_pike.txt
  0773_tiana_brooks.txt
  0774_darren_kim.txt
  0777_darren_whitaker.txt
  0778_marcus_delaney.txt
  0779_terrence_holloway.txt
  0780_jordan_pike.txt
  0781_marcus_ellison.txt
  0782_darnell_hayes.txt
  0783_marcus_holloway.txt
  0785_marcus_holloway.txt
  0788_elena_brooks.txt
  0790_lena_morales.txt
  0792_elena_vargas.txt
  0793_devin_holloway.txt
  0794_olivia_chen.txt
  0795_tiana_brooks.txt
  0797_emily_tran.txt
  0800_evelyn_park.txt
  0801_priya_sethi.txt
  0802_aaliyah_benton.txt
  0804_caleb_morgan.txt
  0806_warren_pike.txt
  0807_kevin_holloway.txt
  0808_marcus_bennett.txt
  0809_simone_delgado.txt
  0810_marcus_ellison.txt
  0811_waldroup_shah.txt
  0812_tyler_boone.txt
  0813_nicholas_reeves.txt
  0814_derek_pruitt.txt
  0815_jordan_pike.txt
  0816_marcus_leong.txt
  0817_devin_hart.txt
  0818_robert_medina.txt
  0821_jordan_patel.txt
  0822_elena_ramirez.txt
  0823_jewell_brooks.txt
  0824_priya_nair.txt
  0825_alyssa_benton.txt
  0826_priya_hart.txt
  0828_kayla_mercer.txt
  0829_robert_chen.txt
  0830_renee_whitaker.txt
  0831_felicia_harmon.txt
  0832_elise_barrett.txt
  0833_sabrina_lowell.txt
  0836_talia_nguyen.txt
  0838_priya_nand.txt
  0839_brianna_cole.txt
  0840_owen_fletcher.txt
  0842_trevor_malone.txt
  0843_marcus_vale.txt
  0844_ethan_reeves.txt
  0845_harold_greene.txt
  0846_travis_boone.txt
  0848_deshawn_cole.txt
  0851_damian_ruiz.txt
  0852_ethan_bowers.txt
  0854_jonah_whitaker.txt
  0855_owen_rivas.txt
  0856_nolan_pierce.txt
  0857_ethan_mercer.txt
  0858_scottie_sethi.txt
  0859_tasha_greene.txt
  0860_allison_kerr.txt
  0861_erin_callow.txt
  0863_priya_nair.txt
  0865_xavier_morales.txt
  0866_erica_sutton.txt
  0867_rachel_kim.txt
  0868_sofia_nguyen.txt
  0869_kelsey_morgan.txt
  0870_felicia_nguyen.txt
  0871_jasmine_porter.txt
  0872_priya_sethi.txt
  0873_tessa_nguyen.txt
  0874_elena_russo.txt
  0875_lorin_beck.txt
  0876_lucas_bennett.txt
  0877_gregory_dunn.txt
  0878_miguel_santos.txt
  0879_noah_griggs.txt
  0880_caleb_sutton.txt
  0881_dezi_paget.txt
  0882_omar_reeves.txt
  0883_elena_waldroup.txt
  0884_jonah_mercer.txt
  0886_jordan_keane.txt
  0888_tyler_mcadams.txt
  0890_chase_holloway.txt
  0891_sage_penn.txt
  0892_darius_vaughn.txt
  0893_caleb_foster.txt
  0895_kiara_bennett.txt
  0896_dana_whitfield.txt
  0897_sabrina_flores.txt
  0898_hailey_brooks.txt
  0899_monica_salazar.txt
  0900_sophie_landry.txt
  0901_caleb_turner.txt
  0902_sofia_delgado.txt
  0903_sofia_delgado.txt
  0904_claire_donahue.txt
  0905_alyssa_greene.txt
  0907_hannah_cho.txt
  0909_emily_carver.txt
  0910_hannah_byrd.txt
  0911_hannah_brooks.txt
  0913_samuel_ortega.txt
  0914_blake_turner.txt
  0917_quentin_rios.txt
  0918_hector_salazar.txt
  0919_denise_wilcox.txt
  0920_grant_hollis.txt
  0921_caleb_foster.txt
  0922_evan_rosario.txt
  0923_colin_mercer.txt
  0924_damien_price.txt
  0927_javier_solis.txt
  0928_caleb_moreno.txt
  0929_adrian_wells.txt
  0930_casey_cole.txt
  0931_paige_cole.txt
  0932_romey_talbot.txt
  0933_marissa_cole.txt
  0934_marissa_doyle.txt
  0936_bryn_dwight.txt
  0937_artie_mercer.txt
  0939_marissa_cole.txt
  0940_melissa_carter.txt
  0942_allison_reed.txt
  0943_lauren_pierce.txt
  0946_hannah_mercer.txt
  0947_maya_ellison.txt
  0948_trevor_baines.txt
  0949_owen_ramirez.txt
  0950_terrence_boone.txt
  0952_kevin_rutledge.txt
  0953_warren_bishop.txt
  0954_calvin_reyes.txt
  0956_daniel_pierce.txt
  0957_devin_hart.txt
  0959_marcus_ellison.txt
  0960_marcus_bell.txt
  0961_marcus_delaney.txt
  0962_jordan_pike.txt
  0963_alana_brooks.txt
  0964_marcus_lee.txt
  0965_jordan_pike.txt
  0966_eason_holloway.txt
  0967_kiara_benton.txt
  0969_romilly_lincoln.txt
  0970_alyssa_benton.txt
  0974_priya_nand.txt
  0975_aisha_bennett.txt
  0976_tiana_brooks.txt
  0977_erica_nguyen.txt
  0978_priya_nair.txt
  0979_stacey_sudworth.txt
  0982_aaliyah_brooks.txt
  0983_elena_bowers.txt
  0984_omar_whitfield.txt
  0985_travis_whitman.txt
  0986_jordan_whitaker.txt
  0987_derek_holloway.txt
  0988_daniel_mercer.txt
  0989_elena_park.txt
  0990_devin_hart.txt
  0991_trevor_pike.txt
  0992_travis_mckee.txt
  0993_trevor_mcneil.txt
  0995_dylan_carter.txt
  0996_trevor_mccoy.txt
  0997_trevor_kim.txt
  0998_derek_holloway.txt
  0999_renee_hollis.txt
  1001_marcus_hale.txt
  1002_lila_fernandez.txt
  1003_dana_leung.txt
  1004_nina_alvarez.txt
  1005_natalie_pierce.txt
  1006_priya_holloway.txt
  1008_brianna_soto.txt
  1009_eliza_rowan.txt
  1010_lauren_kim.txt
  1011_elena_rios.txt
  1012_brooke_simmons.txt
  1013_linda_morales.txt
  1014_dana_holloway.txt
  1016_natalie_wu.txt
  1017_jewell_meyer.txt
  1018_priya_donnelly.txt
  1020_jason_mcbride.txt
  1021_felix_harper.txt
  1022_derrick_holloway.txt
  1023_leonard_wu.txt
  1024_trevor_mccall.txt
  1025_brianna_solis.txt
  1026_jordan_pike.txt
  1028_omar_velasquez.txt
  1029_jordan_pike.txt
  1030_marcus_holloway.txt
  1031_trevor_boone.txt
  1032_jordan_pike.txt
  1033_daniel_russo.txt
  1034_luis_herrera.txt
  1036_trevor_collins.txt
  1037_colin_mercer.txt
  1038_erica_vaughn.txt
  1039_nina_salazar.txt
  1040_audrey_benson.txt
  1041_jasmine_ortega.txt
  1043_noah_wexler.txt
  1047_simone_keating.txt
  1048_renee_patel.txt
  1049_simone_avery.txt
  1050_felicia_dunn.txt
  1051_holly_ramirez.txt
  1052_erin_mccall.txt
  1053_trevor_lang.txt
  1054_isabel_grant.txt
  1055_aisha_crowe.txt
  1057_harold_greene.txt
  1058_malik_foster.txt
  1059_bryce_landon.txt
  1060_noah_pritchard.txt
  1062_mason_whitaker.txt
  1063_colin_reeves.txt
  1064_caleb_rourke.txt
  1065_caleb_norris.txt
  1066_evan_mcbride.txt
  1068_ethan_salazar.txt
  1069_owen_barrett.txt
  1070_keon_baxter.txt
  1071_denise_carver.txt
  1072_wyatt_jenkins.txt
  1073_brent_saylor.txt
  1074_camille_price.txt
  1075_alana_brooks.txt
  1076_claire_donnelly.txt
  1077_felicia_boone.txt
  1078_sierra_lang.txt
  1079_caleb_rowan.txt
  1080_kiara_bennett.txt
  1082_jasmine_ford.txt
  1083_hannah_wu.txt
  1086_monica_hale.txt
  1087_jasmine_cole.txt
  1088_priya_nand.txt
  1089_omar_reeves.txt
  1090_simone_alvarez.txt
  1091_naomi_fischer.txt
  1093_bryce_holloway.txt
  1094_wesley_hart.txt
  1095_trevor_nash.txt
  1096_harrison_pike.txt
  1098_russell_boone.txt
  1099_jerome_whitaker.txt
  1100_eric_donnelly.txt
  1101_marcus_dillard.txt
  1102_jerome_walker.txt
  1103_kevin_holloway.txt
  1104_caleb_winters.txt
  1105_samuel_hart.txt
  1106_claire_donnelly.txt
  1107_hannah_price.txt
  1108_seven_beck.txt
  1109_derek_lawson.txt
  1111_tessa_morgan.txt
  1112_alex_thurstan.txt
  1113_merit_garrett.txt
  1114_marissa_holt.txt
  1115_jordan_blevins.txt
  1116_joyce_manning.txt
  1117_maya_cameron.txt
  1119_alyssa_moreno.txt
  1120_marissa_cole.txt
  1121_marissa_cole.txt
  1123_natalie_brooks.txt
  1124_shanon_chadwick.txt
  1125_maya_henson.txt
  1127_marissa_cole.txt
  1128_darius_bennett.txt
  1130_darren_pike.txt
  1131_daniel_pierce.txt
  1132_connor_reyes.txt
  1133_savannah_cole.txt
  1134_devin_harper.txt
  1135_quinn_pike.txt
  1136_marcus_nguyen.txt
  1137_devin_calloway.txt
  1138_kevin_ramirez.txt
  1139_trevor_hines.txt
  1140_devin_morales.txt
  1141_marcus_henson.txt
  1143_daniel_mercer.txt
  1144_marcus_bell.txt
  1145_evan_whitaker.txt
  1147_alyssa_chen.txt
  1148_reese_tatton.txt
  1149_kiara_benson.txt
  1150_elise_brennan.txt
  1151_lauren_pike.txt
  1152_priya_sandoval.txt
  1153_elena_hart.txt
  1154_sofia_ramirez.txt
  1155_priya_bhandari.txt
  1156_alyssa_nguyen.txt
  1157_aaliyah_benton.txt
  1158_priya_rutledge.txt
  1161_serena_patel.txt
  1162_aaliyah_foster.txt
  1163_tiana_brooks.txt
  1164_trevor_hines.txt
  1165_devon_price.txt
  1167_val_fisher.txt
  1168_terrence_wallace.txt
  1169_marcus_dillard.txt
  1170_logan_pierce.txt
  1171_christopher_dune.txt
  1172_daniel_brooks.txt
  1173_martin_holbrook.txt
  1174_trevor_bishop.txt
  1176_michael_hanley.txt
  1178_daniel_mercer.txt
  1179_trevor_walsh.txt
  1180_tyler_jennings.txt
  1181_lucas_garner.txt
  1182_rowe_nair.txt
  1184_elena_foster.txt
  1185_elise_romero.txt
  1186_priya_shah.txt
  1187_emily_hart.txt
  1188_renee_walsh.txt
  1190_rachel_patel.txt
  1191_chelsea_nguyen.txt
  1192_jasmine_patel.txt
  1194_erica_sloan.txt
  1195_elise_moreno.txt
  1197_aaliyah_brooks.txt
  1198_priya_nair.txt
  1199_hannah_price.txt
  1200_nolan_pierce.txt
  1201_harold_bennett.txt
  1202_byron_hale.txt
  1203_brandon_keller.txt
  1204_raine_parks.txt
  1205_daniel_brewer.txt
  1206_caleb_monroe.txt
  1207_daniel_smedley.txt
  1208_trevor_simmons.txt
  1210_leonard_price.txt
  1212_thomas_greer.txt
  1213_jordan_kim.txt
  1215_owen_carver.txt
  1216_calvin_brooks.txt
  1219_jordan_whitaker.txt
  1220_nia_holloway.txt
  1221_nadia_fuller.txt
  1222_felicia_owens.txt
  1223_priya_menon.txt
  1224_elise_tran.txt
  1225_alyssa_monroe.txt
  1226_jasmine_lee.txt
  1227_brooke_salazar.txt
  1228_tiana_brooks.txt
  1229_jenna_whitaker.txt
  1232_holly_reeves.txt
  1234_sierra_dalton.txt
  1235_claire_donnelly.txt
  1236_brandon_wu.txt
  1237_camille_foster.txt
  1238_owen_mercer.txt
  1239_owen_bartlett.txt
  1240_owen_kirkpatrick.txt
  1241_trevor_sloan.txt
  1243_marcus_velez.txt
  1244_kevin_murphy.txt
  1246_owen_harper.txt
  1248_jordan_blevins.txt
  1249_andre_willis.txt
  1250_stevie_brierley.txt
  1251_carlos_whitaker.txt
  1252_ethan_cole.txt
  1253_owen_kessler.txt
  1254_tasha_greene.txt
  1255_omar_sheikh.txt
  1256_paige_donnelly.txt
  1257_hannah_whitaker.txt
  1258_sabrina_leung.txt
  1260_nina_beckett.txt
  1261_heather_boyle.txt
  1262_olivia_bennett.txt
  1263_dana_whitaker.txt
  1264_sabrina_morales.txt
  1266_felicia_warren.txt
  1269_carey_roy.txt
  1270_nicole_ramirez.txt
  1271_naomi_fletcher.txt
  1273_arden_cole.txt
  1275_caleb_morgan.txt
  1276_teddie_cokes.txt
  1280_harold_jenkins.txt
  1281_terrence_boone.txt
  1282_harold_kent.txt
  1283_wyatt_brooks.txt
  1285_victor_salazar.txt
  1286_noah_whitaker.txt
  1287_jordan_pike.txt
  1288_brandon_lee.txt
  1289_felix_moran.txt
  1290_lauren_bishop.txt
  1291_natalie_brewer.txt
  1292_marissa_cole.txt
  1294_celestine_wray.txt
  1295_allison_kerr.txt
  1296_marissa_cole.txt
  1297_mason_kelley.txt
  1299_maya_collins.txt
  1300_marissa_cole.txt
  1304_emily_carter.txt
  1305_mason_whitaker.txt
  1307_carol_matthewson.txt
  1308_derrick_holt.txt
  1309_marcus_rennoll.txt
  1310_meade_salmon.txt
  1312_trevor_boone.txt
  1313_cedric_boone.txt
  1315_alina_brooks.txt
  1316_brandon_lee.txt
  1317_daniel_reeves.txt
  1318_daniel_mercer.txt
  1319_darnell_price.txt
  1320_marcus_bell.txt
  1321_darnell_price.txt
  1323_elena_brooks.txt
  1325_lennon_edgar.txt
  1326_priscilla_vega.txt
  1327_erin_mccall.txt
  1328_elena_vargas.txt
  1329_brianna_sloane.txt
  1330_dana_kim.txt
  1332_kiara_benson.txt
  1333_trevor_singh.txt
  1334_tasha_mcmillan.txt
  1335_serena_patel.txt
  1336_tasha_nguyen.txt
  1338_talia_nguyen.txt
  1339_elena_hart.txt
  1341_jordan_patel.txt
  1342_elena_park.txt
  1344_caleb_nguyen.txt
  1345_gerry_pike.txt
  1346_tyler_mckenna.txt
  1347_gregory_boone.txt
  1348_lionel_perez.txt
  1349_elena_brookes.txt
  1350_brent_holloway.txt
  1351_serena_holloway.txt
  1352_derek_holloway.txt
  1353_connor_whitfield.txt
  1354_brett_holloway.txt
  1355_lucas_bennett.txt
  1356_jordan_alvarez.txt
  1357_owen_mercer.txt
  1359_rachel_kim.txt
  1360_raymond_ortiz.txt
  1361_trevor_lin.txt
  1362_monica_yates.txt
  1363_alicia_dunn.txt
  1364_kiara_benson.txt
  1365_emily_varela.txt
  1366_kayla_bishop.txt
  1370_priya_nair.txt
  1371_alana_brooks.txt
  1372_keisha_bowman.txt
  1373_priya_nair.txt
  1374_denise_carter.txt
  1375_priyanka_shah.txt
  1376_hannah_pierce.txt
  1377_caleb_monroe.txt
  1379_sofia_ramirez.txt
  1380_anthony_mercer.txt
  1383_dana_whitaker.txt
  1384_owen_mercer.txt
  1385_brianna_pike.txt
  1387_dana_whitmore.txt
  1388_miguel_santos.txt
  1390_owen_delaney.txt
  1391_trevor_hale.txt
  1393_caleb_monroe.txt
  1394_luis_ramirez.txt
  1395_talia_nguyen.txt
  1396_daniel_mercer.txt
  1397_owen_patel.txt
  1398_renee_holloway.txt
  1399_simone_alvarez.txt
  1401_kevin_raines.txt
  1402_felicia_ramos.txt
  1403_calvin_mercer.txt
  1404_tessa_monroe.txt
  1406_colleen_barker.txt
  1407_kiara_gomez.txt
  1408_alyssa_finch.txt
  1409_felicia_warren.txt
  1410_alicia_ford.txt
  1411_nina_bowers.txt
  1412_natalie_foster.txt
  1413_owen_ramirez.txt
  1415_erica_vaughn.txt
  1416_trevor_mullins.txt
  1417_campbell_barrett.txt
  1418_gabriel_sutton.txt
  1419_sofia_lambert.txt
  1420_bryce_delaney.txt
  1421_talia_reeves.txt
  1422_omar_gallegos.txt
  1424_ethan_caldwell.txt
  1425_ethan_holloway.txt
  1426_hector_ruiz.txt
  1427_omar_jacobs.txt
  1428_omar_whitfield.txt
  1430_jordan_lee.txt
  1431_brianna_cole.txt
  1432_marcus_leung.txt
  1433_noah_whitaker.txt
  1434_felicia_boone.txt
  1437_trevor_mcneil.txt
  1438_nina_choudhury.txt
  1439_dominic_hale.txt
  1440_alana_reese.txt
  1441_priya_thornton.txt
  1442_renee_foster.txt
  1443_priya_nair.txt
  1444_simone_hart.txt
  1445_hannah_pierce.txt
  1446_erica_sloan.txt
  1447_lauren_kim.txt
  1449_derek_holloway.txt
  1450_holly_brennan.txt
  1451_hannah_pierce.txt
  1452_jamison_reed.txt
  1453_caleb_mercer.txt
  1455_rachel_kim.txt
  1456_harold_wynn.txt
  1457_kendra_salinas.txt
  1458_nolan_briggs.txt
  1459_regan_delaney.txt
  1460_jordan_pike.txt
  1461_marcus_hale.txt
  1462_caleb_monroe.txt
  1463_caleb_foster.txt
  1464_leonard_brooks.txt
  1465_terrence_holloway.txt
  1466_trevor_mills.txt
  1467_sofia_bennett.txt
  1468_jerome_whitaker.txt
  1469_miles_gentry.txt
  1471_lauren_scrivens.txt
  1472_lauren_mccabe.txt
  1473_marissa_holt.txt
  1475_harrison_cole.txt
  1476_lauren_pike.txt
  1477_marissa_cameron.txt
  1478_marissa_cole.txt
  1480_marissa_cole.txt
  1481_marissa_doyle.txt
  1482_hannah_price.txt
  1484_addison_ryland.txt
  1485_mason_holloway.txt
  1486_emily_carter.txt
  1487_kasey_geary.txt
  1489_marcus_holloway.txt
  1490_darnell_price.txt
  1491_trevor_gaines.txt
  1492_devon_hart.txt
  1494_marcus_ellison.txt
  1496_jordan_pike.txt
  1497_marcus_lee.txt
  1498_julian_mercer.txt
  1499_terrence_hall.txt
  1500_marcus_ellison.txt
  1501_darius_cole.txt
  1504_marcus_nguyen.txt
  1505_nolan_reeves.txt
  1506_melissa_romero.txt
  1507_nina_alvarez.txt
  1508_priya_holloway.txt
  1509_priya_sethi.txt
  1510_celia_mendez.txt
  1511_mason_keeler.txt
  1512_priya_donnelly.txt
  1513_denise_wheeler.txt
  1514_elena_brooks.txt
  1515_elena_brooks.txt
  1516_erica_vaughn.txt
  1517_elena_park.txt
  1519_emily_hart.txt
  1521_cameron_ruiz.txt
  1523_denise_holloway.txt
  1524_frankie_lee.txt
  1525_devin_mercer.txt
  1526_victor_salazar.txt
  1527_damon_pierce.txt
  1529_priya_alston.txt
  1532_marcus_reed.txt
  1533_aaron_whitfield.txt
  1534_owen_hartley.txt

