[2026-03-16 20:14:20] source=Team management - Pantima - Notes_People.csv total=1050
  0071_brandon.txt
  0074_alisha.txt
  0075_daniel.txt
  0076_tyler.txt
  0077_jasmine.txt
  0078_robert.txt
  0233_doyle.txt
  0235_santos.txt
  0238_whitaker.txt
  0240_patel.txt
  0242_ramirez.txt
  0245_delgado.txt
  0248_whitaker.txt
  0252_patel.txt
  0253_bennett.txt
  0254_carter.txt
  0256_mitchell.txt
  0257_ramirez.txt
  0260_bennett.txt
  0265_bennett.txt
  0267_sutherland.txt
  0270_pennington.txt
  0272_sterling.txt
  0275_alderidge.txt
  0277_lockridge.txt
  0279_calderon.txt
  0280_davenport.txt
  0281_winslow.txt
  0282_prescott.txt
  0283_hartford.txt
  0284_dalton.txt
  0285_fairmont.txt
  0287_latham.txt
  0288_kettering.txt
  0289_huxley.txt
  0290_bramwell.txt
  0292_gibselle.txt
  0293_radcliffe.txt
  0294_harlow.txt
  0297_callahan.txt
  0299_alvarez.txt
  0300_thornton.txt
  0302_whitmore.txt
  0303_bradshaw.txt
  0304_dunbar.txt
  0311_sharon_allen.txt
  0312_james_thompson.txt
  0317_carol_miller.txt
  0319_richard_lewis.txt
  0321_melissa_garcia.txt
  0322_jason_williams.txt
  0324_paul_gonzalez.txt
  0326_donna_sanchez.txt
  0327_ronald_flores.txt
  0329_thomas_ramirez.txt
  0332_kevin_torres.txt
  0333_rebecca_wilson.txt
  0334_amy_harris.txt
  0335_robert_robinson.txt
  0336_michelle_clark.txt
  0337_mary_rivera.txt
  0338_susan_nguyen.txt
  0339_jeffrey_robinson.txt
  0341_eric_anderson.txt
  0342_jeffrey_mitchell.txt
  0345_jessica_thomas.txt
  0347_kenneth_davis.txt
  0348_dorothy_walker.txt
  0350_amy_adams.txt
  0351_brian_nguyen.txt
  0352_susan_garcia.txt
  0353_melissa_lopez.txt
  0356_cynthia_white.txt
  0357_donald_perez.txt
  0361_donna_moore.txt
  0362_kathleen_lopez.txt
  0363_marissa_holt.txt
  0364_trevor_gaines.txt
  0365_nia_serrano.txt
  0366_owen_whitaker.txt
  0367_holly_mercer.txt
  0368_calvin_reese.txt
  0369_brielle_sutton.txt
  0370_dean_holloway.txt
  0371_kiara_benson.txt
  0372_gabriel_pike.txt
  0373_marissa_cole.txt
  0374_devon_hart.txt
  0375_priya_lawson.txt
  0376_owen_pritchard.txt
  0377_keisha_monroe.txt
  0378_travis_mendoza.txt
  0379_elena_brooks.txt
  0380_caleb_norris.txt
  0381_holly_bennett.txt
  0382_lionel_avery.txt
  0383_marissa_cole.txt
  0384_brandon_wu.txt
  0386_tyler_mcadams.txt
  0387_priya_maddox.txt
  0388_nolan_pierce.txt
  0389_alina_brooks.txt
  0390_devon_hart.txt
  0391_holly_bennett.txt
  0392_isaac_moreno.txt
  0393_marissa_cole.txt
  0394_darnell_hayes.txt
  0395_priya_larkin.txt
  0396_owen_mercer.txt
  0397_natalie_boone.txt
  0398_luis_barton.txt
  0399_hannah_reeves.txt
  0400_tyler_maddox.txt
  0401_keisha_holloway.txt
  0402_samuel_ortiz.txt
  0403_lauren_mcbride.txt
  0404_marcus_holloway.txt
  0405_evelyn_cho.txt
  0406_daniel_sutter.txt
  0408_hannah_blevins.txt
  0409_trevor_mills.txt
  0410_sofia_renteria.txt
  0412_bianca_foster.txt
  0413_marissa_doyle.txt
  0414_jordan_kim.txt
  0415_nia_caldwell.txt
  0416_bennett_shaw.txt
  0417_priya_velasquez.txt
  0418_caleb_mercer.txt
  0419_lena_whitaker.txt
  0420_douglas_price.txt
  0421_tessa_monroe.txt
  0422_omar_hastings.txt
  0423_marissa_cole.txt
  0424_darren_whitfield.txt
  0425_kiara_benson.txt
  0426_nolan_pierce.txt
  0429_simone_harper.txt
  0431_tiana_brooks.txt
  0433_lauren_pike.txt
  0434_trent_holloway.txt
  0435_jasmine_velez.txt
  0436_owen_braddock.txt
  0437_nicole_hensley.txt
  0438_caleb_mercer.txt
  0439_priya_sethi.txt
  0440_darren_cole.txt
  0441_hannah_rios.txt
  0442_malcolm_reeve.txt
  0443_marissa_doyle.txt
  0444_terrence_holloway.txt
  0445_elena_vargas.txt
  0446_graham_pike.txt
  0449_kiara_benson.txt
  0451_brooke_hanley.txt
  0452_darius_whitfield.txt
  0453_madison_kerr.txt
  0454_trevor_haines.txt
  0455_aaliyah_boone.txt
  0456_raymond_pike.txt
  0457_naomi_ellis.txt
  0458_colin_mercer.txt
  0460_brianna_cole.txt
  0461_seth_donnelly.txt
  0462_felicia_grant.txt
  0463_marissa_cole.txt
  0464_aaron_whitfield.txt
  0465_bianca_holloway.txt
  0466_daniel_mercer.txt
  0469_noelle_ramirez.txt
  0471_emily_park.txt
  0474_marcus_holloway.txt
  0475_priya_desai.txt
  0476_anthony_rivera.txt
  0477_emily_foster.txt
  0478_trevor_bennett.txt
  0479_simone_carter.txt
  0480_owen_parker.txt
  0481_kayla_nguyen.txt
  0482_daniel_brooks.txt
  0483_marissa_holt.txt
  0485_denise_carver.txt
  0486_owen_mckee.txt
  0487_kiara_benson.txt
  0488_caleb_turner.txt
  0489_lauren_pike.txt
  0490_russell_dean.txt
  0491_priya_dorsey.txt
  0492_victor_salazar.txt
  0493_melissa_carter.txt
  0494_jordan_pike.txt
  0495_sabrina_flores.txt
  0496_aaron_whitfield.txt
  0497_hannah_brooks.txt
  0498_trevor_lang.txt
  0499_kiara_benson.txt
  0500_daniel_reeves.txt
  0501_olivia_tran.txt
  0502_nicholas_doyle.txt
  0503_marissa_holt.txt
  0504_calvin_reese.txt
  0505_dana_whitfield.txt
  0506_trevor_mcneil.txt
  0507_priya_barron.txt
  0508_harold_kim.txt
  0509_elise_navarro.txt
  0510_jordan_pike.txt
  0511_tessa_morgan.txt
  0514_darren_holt.txt
  0515_kelsey_nguyen.txt
  0516_omar_bishop.txt
  0517_talia_mercer.txt
  0519_brielle_sutton.txt
  0520_ethan_caldwell.txt
  0522_gavin_russo.txt
  0524_marcus_lee.txt
  0526_ethan_caldwell.txt
  0527_tiana_brooks.txt
  0529_serena_vaughn.txt
  0530_noah_whitaker.txt
  0531_brianna_cole.txt
  0534_brian_holloway.txt
  0535_priya_sethi.txt
  0539_renee_alvarez.txt
  0540_sean_whitaker.txt
  0542_derek_lawson.txt
  0543_marissa_doyle.txt
  0545_tiana_brooks.txt
  0547_elena_park.txt
  0548_grant_holloway.txt
  0550_omar_whitfield.txt
  0551_brielle_sutton.txt
  0552_russell_kim.txt
  0553_marissa_cole.txt
  0554_trent_holloway.txt
  0555_evelyn_park.txt
  0556_dominic_reyes.txt
  0557_kelsey_boone.txt
  0559_nadia_whitaker.txt
  0562_malcolm_pierce.txt
  0563_marissa_cole.txt
  0565_kendra_whitfield.txt
  0566_elliot_harmon.txt
  0567_priya_lang.txt
  0568_walter_pike.txt
  0569_naomi_brewer.txt
  0570_troy_maddox.txt
  0571_celeste_monroe.txt
  0572_bernard_russo.txt
  0573_marissa_cole.txt
  0574_lionel_brooks.txt
  0576_cedric_vaughn.txt
  0577_holly_mercer.txt
  0578_trevor_bishop.txt
  0579_evelyn_price.txt
  0580_brianna_foster.txt
  0581_owen_mercer.txt
  0582_camille_dawson.txt
  0583_hannah_mercer.txt
  0584_marcus_holloway.txt
  0585_priya_ellison.txt
  0586_owen_barrett.txt
  0587_sofia_nguyen.txt
  0588_colin_reeves.txt
  0590_ethan_callow.txt
  0591_lauren_pike.txt
  0592_devin_cross.txt
  0593_marissa_cole.txt
  0594_devin_marshall.txt
  0595_ellen_varga.txt
  0596_jamal_reeves.txt
  0597_chloe_benton.txt
  0598_steven_pike.txt
  0599_priyanka_shah.txt
  0600_trevor_molina.txt
  0601_hannah_ruiz.txt
  0602_caleb_foster.txt
  0604_darnell_price.txt
  0605_priya_shah.txt
  0606_jacob_ellison.txt
  0607_hannah_kim.txt
  0609_erica_boone.txt
  0610_connor_whitfield.txt
  0611_lauren_bishop.txt
  0612_terrence_cole.txt
  0615_emily_vance.txt
  0616_daniel_mercer.txt
  0617_sabrina_wu.txt
  0619_natalie_romero.txt
  0620_omar_patel.txt
  0621_lauren_pike.txt
  0622_victor_gaines.txt
  0623_marissa_nolan.txt
  0624_darren_holt.txt
  0625_priya_beck.txt
  0626_chelsea_monroe.txt
  0627_owen_garza.txt
  0629_kyle_mercer.txt
  0630_naomi_wu.txt
  0631_victor_salazar.txt
  0632_brooke_stafford.txt
  0634_trevor_lang.txt
  0635_denise_park.txt
  0636_owen_bishop.txt
  0637_priya_sandoval.txt
  0638_jalen_mercer.txt
  0639_eleanor_briggs.txt
  0640_lucas_harmon.txt
  0641_hannah_wu.txt
  0642_victor_salazar.txt
  0643_marissa_cole.txt
  0644_derek_henson.txt
  0645_priya_lockhart.txt
  0646_jonah_reeves.txt
  0647_hannah_pierce.txt
  0648_victor_salgado.txt
  0649_talia_brooks.txt
  0651_leila_monroe.txt
  0652_grant_holloway.txt
  0654_trevor_lang.txt
  0656_darius_bennett.txt
  0657_naomi_bishop.txt
  0659_jasmine_wu.txt
  0660_caleb_foster.txt
  0661_sierra_holloway.txt
  0662_hector_salazar.txt
  0663_marissa_holt.txt
  0664_jordan_reeves.txt
  0666_quentin_wade.txt
  0667_naomi_kessler.txt
  0668_derek_lawson.txt
  0670_patrick_donnelly.txt
  0671_brianna_sloan.txt
  0672_russell_avery.txt
  0673_marissa_doyle.txt
  0674_trevor_singh.txt
  0675_alicia_monroe.txt
  0677_denise_holloway.txt
  0678_jordan_pike.txt
  0679_kiara_bennett.txt
  0680_caleb_morton.txt
  0681_evelyn_hart.txt
  0682_marissa_holt.txt
  0683_trevor_mcneil.txt
  0685_jordan_pike.txt
  0686_heather_vaughn.txt
  0687_caleb_mercer.txt
  0688_naomi_sosa.txt
  0689_dustin_kerr.txt
  0690_erin_calloway.txt
  0691_malik_brennan.txt
  0692_marissa_doyle.txt
  0693_caleb_whitmore.txt
  0694_brianna_kemp.txt
  0695_owen_mercer.txt
  0696_denise_holloway.txt
  0697_gabriel_soto.txt
  0698_kiara_benson.txt
  0700_hannah_pruitt.txt
  0701_ethan_carver.txt
  0702_maya_henderson.txt
  0704_patricia_sloan.txt
  0705_jordan_pike.txt
  0706_simone_burke.txt
  0707_caleb_warren.txt
  0708_rachel_kim.txt
  0710_olivia_mercer.txt
  0711_denise_holloway.txt
  0712_lauren_mcbride.txt
  0714_tasha_blevins.txt
  0715_brian_kessler.txt
  0716_naomi_reyes.txt
  0718_priya_sethi.txt
  0719_caleb_horne.txt
  0720_melissa_carver.txt
  0721_jordan_pike.txt
  0722_avery_collins.txt
  0723_travis_monroe.txt
  0724_janelle_price.txt
  0725_marcus_hines.txt
  0726_lauren_bishop.txt
  0727_devon_mercer.txt
  0728_natalie_greene.txt
  0729_caleb_foster.txt
  0730_brianna_soto.txt
  0731_ethan_walker.txt
  0732_marissa_cole.txt
  0733_andre_molina.txt
  0734_priya_larkin.txt
  0735_thomas_greene.txt
  0737_harold_bishop.txt
  0738_elena_ruiz.txt
  0739_gavin_price.txt
  0740_simone_fletcher.txt
  0741_jordan_mckay.txt
  0742_marissa_cole.txt
  0743_julian_mercer.txt
  0744_deanna_flores.txt
  0745_omar_whitfield.txt
  0746_simone_patel.txt
  0747_trevor_lang.txt
  0749_colin_reeves.txt
  0750_felicia_monroe.txt
  0751_ethan_holloway.txt
  0752_marissa_cole.txt
  0753_darnell_hayes.txt
  0755_colin_mercer.txt
  0756_briana_lott.txt
  0757_hector_ruiz.txt
  0758_noor_whitfield.txt
  0759_owen_pritchard.txt
  0763_derrick_coleman.txt
  0765_trevor_lang.txt
  0766_candace_holloway.txt
  0768_brianna_shaw.txt
  0769_leonard_boone.txt
  0770_alyssa_monroe.txt
  0774_elena_foster.txt
  0775_daniel_mercer.txt
  0777_russell_hayes.txt
  0778_chloe_ramirez.txt
  0779_gregory_price.txt
  0781_ethan_wallace.txt
  0783_devon_mercer.txt
  0785_russell_kim.txt
  0786_felicia_hart.txt
  0788_aaliyah_ford.txt
  0790_noelle_ramirez.txt
  0791_harold_benton.txt
  0792_marissa_cole.txt
  0794_selena_brooks.txt
  0795_harold_bennett.txt
  0796_priya_nair.txt
  0797_brandon_pike.txt
  0798_emily_vaughn.txt
  0799_jorge_mendez.txt
  0800_nina_stokes.txt
  0801_caleb_foster.txt
  0802_marissa_cole.txt
  0803_trevor_haines.txt
  0805_caleb_morrow.txt
  0806_elena_brooks.txt
  0807_dominic_reyes.txt
  0808_brittany_shaw.txt
  0809_hassan_greer.txt
  0810_kelsey_dunn.txt
  0812_marissa_coleman.txt
  0814_priya_sethi.txt
  0815_nolan_pierce.txt
  0816_elena_brooks.txt
  0817_jordan_alvarez.txt
  0818_camille_turner.txt
  0819_shane_whitaker.txt
  0820_felicia_monroe.txt
  0821_owen_mercer.txt
  0824_brianna_cole.txt
  0825_marcus_liu.txt
  0826_rachel_boudreaux.txt
  0829_evan_holloway.txt
  0831_luis_herrera.txt
  0832_marissa_coleman.txt
  0833_daniel_price.txt
  0834_brianna_holt.txt
  0835_trevor_lang.txt
  0840_nia_franklin.txt
  0841_samuel_knox.txt
  0842_lauren_pike.txt
  0843_marcus_holloway.txt
  0845_trevor_lund.txt
  0847_caleb_mercer.txt
  0849_owen_barrett.txt
  0850_jasmine_cole.txt
  0851_ethan_rojas.txt
  0853_darnell_pierce.txt
  0856_nia_washington.txt
  0857_blake_turner.txt
  0859_trevor_mills.txt
  0861_gavin_russo.txt
  0863_marcus_bell.txt
  0864_olivia_grant.txt
  0865_derek_malone.txt
  0866_jasmine_carter.txt
  0867_robert_kim.txt
  0868_emily_foster.txt
  0869_miguel_santos.txt
  0870_chloe_bennett.txt
  0871_tyler_brooks.txt
  0872_marissa_cole.txt
  0873_darren_whitaker.txt
  0875_gregory_shaw.txt
  0876_elena_park.txt
  0877_nolan_pierce.txt
  0878_tessa_morgan.txt
  0879_caleb_foster.txt
  0880_brianna_sloane.txt
  0881_russell_hodge.txt
  0882_melissa_carter.txt
  0883_aaron_whitfield.txt
  0884_priya_nair.txt
  0885_daniel_brooks.txt
  0886_kayle_moreno.txt
  0887_rebecca_sloan.txt
  0888_trevor_mills.txt
  0889_jasmine_patel.txt
  0892_melissa_cole.txt
  0894_karoline_reyes.txt
  0895_colin_fraser.txt
  0896_felicia_harmon.txt
  0897_austin_brewer.txt
  0898_priya_sutton.txt
  0899_brandon_pike.txt
  0901_russell_givens.txt
  0904_hannah_wu.txt
  0905_brian_holloway.txt
  0906_priya_nair.txt
  0908_isaiah_brooks.txt
  0909_shelby_hart.txt
  0911_erica_mullins.txt
  0915_kyle_mercer.txt
  0920_holly_jimenez.txt
  0921_marcus_leary.txt
  0922_alyssa_moreno.txt
  0923_marcus_ellison.txt
  0925_derek_holloway.txt
  0926_felicia_ramsey.txt
  0927_noah_whitaker.txt
  0928_tiana_brooks.txt
  0930_sabrina_holt.txt
  0933_trevor_gaines.txt
  0934_eliana_park.txt
  0935_darren_whitaker.txt
  0936_simone_price.txt
  0937_owen_mercer.txt
  0939_caleb_sutton.txt
  0941_victor_salazar.txt
  0943_terrence_boyd.txt
  0944_priya_desai.txt
  0945_devin_carver.txt
  0946_elena_russo.txt
  0950_cassandra_lee.txt
  0951_luis_mendoza.txt
  0954_nia_holloway.txt
  0955_graham_mcneil.txt
  0956_brianna_velez.txt
  0957_owen_barrett.txt
  0958_haley_brooks.txt
  0959_caleb_monroe.txt
  0960_monica_sheehan.txt
  0961_devin_rojas.txt
  0962_marissa_cole.txt
  0963_darnell_whitaker.txt
  0964_elise_navarro.txt
  0965_timothy_reeves.txt
  0966_priya_henson.txt
  0967_caleb_morrison.txt
  0968_holly_bennett.txt
  0970_bianca_russo.txt
  0971_gregory_shah.txt
  0973_daniel_ruiz.txt
  0974_aisha_coleman.txt
  0975_robert_hanley.txt
  0976_brianna_holt.txt
  0977_trevor_mckee.txt
  0978_hannah_whitaker.txt
  0979_oscar_velasquez.txt
  0980_chloe_bennett.txt
  0983_trevor_nguyen.txt
  0984_alicia_moreno.txt
  0985_brandon_ellis.txt
  0987_logan_pierce.txt
  0988_dana_brooks.txt
  0989_omar_bennett.txt
  0991_victor_hale.txt
  0992_marissa_doyle.txt
  0993_trevor_haines.txt
  0994_priya_lennox.txt
  0995_evan_mercer.txt
  0997_damian_rowe.txt
  0998_jasmine_crowe.txt
  0999_cole_whitaker.txt
  1000_renee_holloway.txt
  1001_owen_sutter.txt
  1002_marissa_holloway.txt
  1003_trevor_maddox.txt
  1005_owen_barfield.txt
  1006_danielle_sosa.txt
  1007_bryce_kincaid.txt
  1008_felicia_ng.txt
  1009_hector_ruiz.txt
  1011_colin_weaver.txt
  1013_marcus_holloway.txt
  1015_caleb_munroe.txt
  1016_denise_kerr.txt
  1018_felicia_boone.txt
  1019_owen_barrett.txt
  1020_sandra_velasquez.txt
  1021_trevor_nash.txt
  1022_maya_thompson.txt
  1023_jordan_reyes.txt
  1024_denise_holloway.txt
  1025_trevor_mills.txt
  1028_rachel_kim.txt
  1029_omar_delgado.txt
  1030_felicia_warren.txt
  1032_maya_ellison.txt
  1035_colin_mercer.txt
  1036_simone_avery.txt
  1037_marcus_bell.txt
  1039_owen_hartley.txt
  1041_brandon_pike.txt
  1043_marissa_cole.txt
  1045_elena_park.txt
  1046_caleb_norris.txt
  1049_brianna_soto.txt
  1050_gregory_hale.txt
  1051_talia_nguyen.txt
  1052_owen_harper.txt
  1054_marcus_bell.txt
  1055_olivia_chen.txt
  1057_brianna_foster.txt
  1058_trevor_mills.txt
  1060_jerome_whitaker.txt
  1061_erica_sloan.txt
  1062_simon_adler.txt
  1065_danielle_mercer.txt
  1066_aaron_pike.txt
  1067_sabrina_lowe.txt
  1068_marissa_cole.txt
  1070_hannah_mercer.txt
  1072_elise_tran.txt
  1075_tiana_brooks.txt
  1076_caleb_norris.txt
  1078_lauren_whitaker.txt
  1083_marissa_cole.txt
  1086_caleb_mercer.txt
  1087_alyssa_monroe.txt
  1089_daniel_ruiz.txt
  1090_priya_bennett.txt
  1091_trevor_mills.txt
  1092_alana_brooks.txt
  1093_marissa_cole.txt
  1094_darnell_price.txt
  1095_elena_whitaker.txt
  1096_victor_holloway.txt
  1100_tiana_brooks.txt
  1101_michael_serrano.txt
  1102_hannah_whitaker.txt
  1103_natalie_brewer.txt
  1106_trevor_gaines.txt
  1112_emily_park.txt
  1113_marissa_doyle.txt
  1114_trevor_hale.txt
  1115_alexis_monroe.txt
  1116_jordan_pike.txt
  1117_brianna_cole.txt
  1118_marissa_holt.txt
  1119_darnell_reeves.txt
  1120_tessa_monroe.txt
  1121_owen_pierce.txt
  1122_brianna_keller.txt
  1123_marissa_cole.txt
  1124_darius_bennett.txt
  1125_elena_hart.txt
  1126_owen_mercer.txt
  1127_priya_nair.txt
  1128_marissa_cole.txt
  1129_trevor_bishop.txt
  1130_dana_whitfield.txt
  1131_calvin_reese.txt
  1132_felicia_nguyen.txt
  1133_marissa_cole.txt
  1134_darius_nguyen.txt
  1135_nolan_reeves.txt
  1137_jordan_whitaker.txt
  1138_marissa_cole.txt
  1139_theo_ramirez.txt
  1140_denise_harper.txt
  1141_caleb_sutton.txt
  1142_priya_bennett.txt
  1143_marissa_doyle.txt
  1144_darnell_whitaker.txt
  1145_evelyn_park.txt
  1146_grant_holloway.txt
  1147_bianca_alvarez.txt
  1149_devin_alvarez.txt
  1150_simone_harper.txt
  1151_trevor_mills.txt
  1152_elaine_foster.txt
  1153_marissa_cole.txt
  1154_darren_whitaker.txt
  1155_kiara_benson.txt
  1157_elena_price.txt
  1158_marissa_cole.txt
  1159_caleb_morton.txt
  1160_dana_whitaker.txt
  1161_trevor_bishop.txt
  1162_priya_sanders.txt
  1164_thomas_reeve.txt
  1166_kevin_morales.txt
  1167_rachel_kim.txt
  1168_marissa_cole.txt
  1169_daniel_whitaker.txt
  1170_brianna_holloway.txt
  1171_trevor_mckee.txt
  1172_felicia_monroe.txt
  1173_marissa_doyle.txt
  1174_trevor_mcneil.txt
  1175_kiara_bennett.txt
  1176_owen_harper.txt
  1177_danielle_ruiz.txt
  1178_marissa_cole.txt
  1179_devin_marshall.txt
  1180_evelyn_price.txt
  1182_lauren_bishop.txt
  1183_tasha_monroe.txt
  1185_marisol_vega.txt
  1186_ethan_caldwell.txt
  1187_briana_kim.txt
  1191_caleb_ruiz.txt
  1192_priya_henson.txt
  1193_marissa_cole.txt
  1194_daniel_mercer.txt
  1195_kiara_bennett.txt
  1196_troy_halstead.txt
  1197_elise_monroe.txt
  1198_marissa_cole.txt
  1200_aisha_bennett.txt
  1201_gregory_shaw.txt
  1203_marissa_cole.txt
  1204_colin_mercer.txt
  1205_natalie_hsu.txt
  1206_jerome_whitaker.txt
  1207_priya_langford.txt
  1208_marissa_holt.txt
  1209_quentin_reeves.txt
  1210_dana_whitaker.txt
  1211_nolan_pierce.txt
  1212_priya_sethi.txt
  1213_marissa_doyle.txt
  1214_trevor_gaines.txt
  1216_jordan_whitaker.txt
  1217_sasha_bennett.txt
  1218_marissa_coleman.txt
  1219_terrence_holloway.txt
  1222_candice_brewer.txt
  1223_jasmine_ortega.txt
  1224_trevor_maddox.txt
  1227_nicole_henson.txt
  1229_devin_harper.txt
  1230_kayla_nguyen.txt
  1231_theodore_price.txt
  1232_elena_brooks.txt
  1234_trevor_nguyen.txt
  1235_kiara_benson.txt
  1236_ethan_mccall.txt
  1237_jocelyn_price.txt
  1238_marissa_cole.txt
  1239_daniel_mercer.txt
  1241_victor_hale.txt
  1242_priya_landon.txt
  1244_jordan_pike.txt
  1245_nina_holloway.txt
  1247_erica_salazar.txt
  1248_marissa_cole.txt
  1249_derek_vaughn.txt
  1250_vanessa_ruiz.txt
  1251_owen_mercer.txt
  1255_aaliyah_benton.txt
  1256_daniel_mercer.txt
  1257_sierra_whitlock.txt
  1259_trevor_mills.txt
  1260_danielle_hart.txt
  1261_jordan_pike.txt
  1262_alicia_monroe.txt
  1263_natalie_brooks.txt
  1264_marcus_holloway.txt
  1266_steven_mercer.txt
  1267_jasmine_keller.txt
  1269_aaron_whitfield.txt
  1270_tasha_coleman.txt
  1271_daniel_russo.txt
  1273_melissa_garner.txt
  1274_derek_holloway.txt
  1276_oscar_molina.txt
  1277_priya_delaney.txt
  1278_melissa_carter.txt
  1279_jordan_alvarez.txt
  1281_darren_brooks.txt
  1282_hannah_whitfield.txt
  1285_priya_sandoval.txt
  1286_michael_hanley.txt
  1287_emily_kerr.txt
  1288_lauren_whitaker.txt
  1290_denise_holloway.txt
  1291_tyler_mccann.txt
  1294_jordan_whitaker.txt
  1296_derek_lawson.txt
  1297_nina_holloway.txt
  1298_melissa_garner.txt
  1302_hannah_reese.txt
  1305_brianna_cole.txt
  1306_daniel_rutledge.txt
  1309_jordan_kim.txt
  1310_talia_brooks.txt
  1311_anthony_rivera.txt
  1312_nia_holloway.txt
  1313_marissa_cole.txt
  1314_devin_harper.txt
  1315_linda_gutierrez.txt
  1317_priya_bennett.txt
  1318_marissa_cole.txt
  1320_natalie_brooks.txt
  1321_trevor_mills.txt
  1323_melissa_grant.txt
  1326_eric_salazar.txt
  1327_hannah_reeves.txt
  1329_jordan_pike.txt
  1331_darius_cole.txt
  1332_elena_whitaker.txt
  1335_kiara_bennett.txt
  1336_leonard_pike.txt
  1338_marissa_doyle.txt
  1340_danielle_mercer.txt
  1341_steven_holloway.txt
  1342_kiara_bennett.txt
  1344_trevor_haines.txt
  1346_devin_mercer.txt
  1347_brianna_sloane.txt
  1349_aaron_whitfield.txt
  1350_kiara_benson.txt
  1351_douglas_harper.txt
  1352_sofia_ramirez.txt
  1354_daniel_mercer.txt
  1356_robert_haines.txt
  1357_elena_park.txt
  1359_devin_holloway.txt
  1360_jasmine_price.txt
  1362_elena_foster.txt
  1364_calvin_rios.txt
  1366_owen_mercer.txt
  1367_nina_holloway.txt
  1368_marissa_doyle.txt
  1369_terrence_pike.txt
  1370_elena_whitaker.txt
  1372_priya_lang.txt
  1375_hannah_brooks.txt
  1376_devon_whitaker.txt
  1377_olivia_nguyen.txt
  1380_evelyn_price.txt
  1381_caleb_monroe.txt
  1382_priya_bennett.txt
  1384_marcus_holloway.txt
  1385_elena_park.txt
  1386_jordan_ellis.txt
  1388_marissa_holt.txt
  1390_aaliyah_carter.txt
  1392_serena_bishop.txt
  1393_lauren_mcbride.txt
  1394_trevor_holloway.txt
  1395_brianna_ellis.txt
  1396_caleb_romero.txt
  1397_dana_whitaker.txt
  1399_trevor_mendez.txt
  1400_danielle_price.txt
  1401_omar_whitaker.txt
  1402_priya_donnelly.txt
  1403_dina_wichita.txt
  1404_darius_bennett.txt
  1405_elena_navarro.txt
  1406_calvin_reeves.txt
  1407_priya_ellison.txt
  1408_marissa_holt.txt
  1409_devon_pierce.txt
  1411_ethan_calhoun.txt
  1412_lila_monroe.txt
  1413_melissa_garner.txt
  1414_aaron_whitfield.txt
  1416_daniel_reeves.txt
  1419_marcus_holloway.txt
  1420_priya_dalton.txt
  1421_owen_mccarthy.txt
  1423_jasmine_ortega.txt
  1424_trevor_mcmillan.txt
  1425_renee_whitaker.txt
  1426_caleb_foster.txt
  1427_alina_brooks.txt
  1428_marissa_doyle.txt
  1429_nolan_pierce.txt
  1430_denise_holloway.txt
  1432_priya_bennett.txt
  1433_lauren_whitaker.txt
  1438_marissa_cole.txt
  1440_evelyn_park.txt
  1441_gregory_tate.txt
  1443_melissa_carter.txt
  1446_daniel_brooks.txt
  1447_hannah_reed.txt
  1449_terrence_mccall.txt
  1450_evan_pierce.txt
  1451_denise_kearney.txt
  1452_marissa_cole.txt
  1453_trevor_mills.txt
  1454_keisha_warren.txt
  1455_dylan_hart.txt
  1456_elena_brooks.txt
  1458_trevor_nguyen.txt
  1459_alicia_romero.txt
  1460_jordan_ellis.txt
  1463_marcus_doyle.txt
  1464_tessa_moreno.txt
  1466_brianna_sutter.txt
  1468_darnell_price.txt
  1470_luke_herrera.txt
  1471_hannah_mckee.txt
  1474_priya_benton.txt
  1475_lionel_brooks.txt
  1477_lauren_mckee.txt
  1478_marcus_holloway.txt
  1479_denise_calderon.txt
  1480_tyler_nguyen.txt
  1481_evelyn_brooks.txt
  1482_marissa_holt.txt
  1483_devin_alvarez.txt
  1484_keisha_monroe.txt
  1485_owen_mercer.txt
  1486_felicia_byrd.txt
  1487_marissa_cole.txt
  1488_trevor_haines.txt
  1490_dylan_mercer.txt
  1491_elena_park.txt
  1492_marissa_doyle.txt
  1495_owen_barrett.txt
  1497_melissa_garner.txt
  1498_darren_cole.txt
  1499_jasmine_patel.txt
  1500_gregory_haines.txt
  1502_marissa_cole.txt
  1503_caleb_mercer.txt
  1504_tiana_brooks.txt
  1505_owen_whitaker.txt
  1507_marissa_cole.txt
  1509_tessa_holloway.txt
  1511_renee_whitaker.txt
  1513_jordan_alvarez.txt
  1514_hannah_brooks.txt
  1518_trevor_maddox.txt
  1520_caleb_strickland.txt
  1521_evelyn_price.txt
  1522_marissa_holt.txt
  1523_trevor_mcneil.txt
  1524_denise_walker.txt
  1525_caleb_sutter.txt
  1526_elaine_porter.txt
  1527_marissa_cole.txt
  1528_daniel_mercer.txt
  1529_evelyn_price.txt
  1530_trevor_madsen.txt
  1531_brianna_holloway.txt
  1532_marissa_cole.txt
  1534_avery_bennett.txt
  1535_hector_alvarez.txt
  1536_lila_monroe.txt
  1537_marissa_cole.txt
  1538_daniel_price.txt
  1540_caleb_morrison.txt
  1542_marissa_holt.txt
  1543_darren_pike.txt
  1544_keisha_monroe.txt
  1545_trent_alvarado.txt
  1546_sabrina_cross.txt
  1547_marissa_cole.txt
  1549_elaine_porter.txt
  1550_jordan_pike.txt
  1552_marissa_cole.txt
  1553_darnell_price.txt
  1554_elena_mercer.txt
  1555_owen_whitaker.txt
  1556_nicole_barrett.txt
  1557_alyssa_moreno.txt
  1558_marcus_ellison.txt
  1559_priya_shah.txt
  1560_colin_reeves.txt
  1561_sofia_bennett.txt
  1563_leonard_price.txt
  1565_scott_nguyen.txt
  1566_brianna_jackson.txt
  1568_jasmine_james.txt
  1569_cole_bennett.txt
  1572_ambrosine_ada.txt
  1573_devin_mercer.txt
  1575_ethan_calder.txt
  1578_simone_velez.txt
  1579_caleb_norton.txt
  1580_felicia_grant.txt
  1581_moses_wiley.txt
  1582_maryline_cole.txt
  1583_trevor_nguyen.txt
  1584_simone_hart.txt
  1585_caleb_mercer.txt
  1586_nia_richardson.txt
  1588_selby_kingston.txt
  1589_malik_sutton.txt
  1590_holly_benson.txt
  1594_daniel_porter.txt
  1596_owen_brooks.txt
  1597_felicia_hart.txt
  1598_adam_shelby.txt
  1599_olyvia_adrianne.txt
  1601_harold_bennett.txt
  1602_jazlyn_arlene.txt
  1603_trevor_nguyen.txt
  1605_connor_briggs.txt
  1606_alicia_benton.txt
  1607_derrick_salazar.txt
  1608_hannah_price.txt
  1610_paige_wilcox.txt
  1612_tamsen_ripley.txt
  1613_darren_holt.txt
  1615_zackery_headley.txt
  1616_elena_brooks.txt
  1617_owen_price.txt
  1619_trevor_mckee.txt
  1620_tawnee_eula.txt
  1621_marcus_lee.txt
  1622_vale_tina.txt
  1625_everett_boone.txt
  1626_selena_ortiz.txt
  1628_brianna_sutton.txt
  1629_calvin_mercer.txt
  1630_hannah_brooks.txt
  1631_derek_holloway.txt
  1633_deshawn_pruitt.txt
  1634_ardath_kerena.txt
  1635_trevor_haines.txt
  1636_lucile_michaela.txt
  1637_colin_mercer.txt
  1638_savannah_reed.txt
  1639_omar_velasquez.txt
  1640_heather_blum.txt
  1642_topaz_georgianna.txt
  1643_devin_harper.txt
  1644_kiara_takeda.txt
  1645_latrell_doyle.txt
  1647_owen_fletcher.txt
  1648_tessa_morgan.txt
  1649_gabriel_ross.txt
  1650_chloe_ramirez.txt
  1651_ethan_brooks.txt
  1652_melissa_carter.txt
  1653_wren_chucky.txt

