[2026-03-12 23:55:37] source=Team management - Pantima - Notes_Contact.csv total=818
  0169_aaron_blake.txt
  0170_natalie_foster.txt
  0171_jordan_patel.txt
  0172_leo.txt
  0173_daniel.txt
  0174_melissa.txt
  0175_brandon.txt
  0176_ashley.txt
  0177_kevin.txt
  0178_marcus.txt
  0179_leonard.txt
  0180_julian_vance.txt
  0181_elena_rodriguez.txt
  0182_gregory_miller.txt
  0183_sophie_whitmore.txt
  0184_derek_thompson.txt
  0185_marcus_thorne.txt
  0186_sarah_jenkins.txt
  0187_kevin_o_malley.txt
  0188_elena_rivera.txt
  0189_david_wu.txt
  0190_samantha_lowery.txt
  0191_harrison_reed.txt
  0192_victor_morales.txt
  0193_beatrice_thorne.txt
  0194_julian_fletcher.txt
  0195_nathan_brooks.txt
  0196_gregory_miller.txt
  0197_elena_rodriguez.txt
  0198_tyler_vance.txt
  0199_anita_desai.txt
  0200_jordan_p.txt
  0201_chloe_whitmore.txt
  0202_marcus_thorne.txt
  0203_elena_rivera.txt
  0204_david_wu.txt
  0205_samantha_l.txt
  0206_julian_fletcher.txt
  0207_beatrice_thorne.txt
  0208_dominic_vance.txt
  0209_sierra_thorne.txt
  0210_elena_moretti.txt
  0212_julianne_miller.txt
  0213_chloe_bennett.txt
  0214_terrence_boyle.txt
  0215_maxwell_graves.txt
  0216_riley_cooper.txt
  0217_arthur_pendel.txt
  0218_darren_miller.txt
  0219_monica_geller.txt
  0220_kevin_zhao.txt
  0221_laura_jenkins.txt
  0222_julian_banks.txt
  0223_riley_cooper.txt
  0224_arthur_pendel.txt
  0226_grant_miller.txt
  0228_terrence_vance.txt
  0229_megan_r.txt
  0230_daniel_p.txt
  0231_rachel_t.txt
  0232_kevin_l.txt
  0233_alicia_m.txt
  0234_tyler_g.txt
  0235_melissa_a.txt
  0236_marcus_d.txt
  0237_hannah_s.txt
  0238_andrew_c.txt
  0239_brandon_k.txt
  0240_natalie_r.txt
  0241_victor_l.txt
  0242_kayla_m.txt
  0243_kevin_b.txt
  0244_olivia_d.txt
  0245_darren_s.txt
  0246_rachel_m.txt
  0247_anthony_p.txt
  0248_amanda_f.txt
  0249_tyler_m.txt
  0250_kevin_r.txt
  0251_jeremy_l.txt
  0252_brian_k.txt
  0253_rachel_t.txt
  0254_daniel_s.txt
  0255_jessica_miller.txt
  0256_nicole_p.txt
  0257_jeremy_p.txt
  0258_marcus_l.txt
  0259_tyler_g.txt
  0260_alicia_w.txt
  0261_alicia_m.txt
  0262_thomas_r.txt
  0263_dana_s.txt
  0264_carlos_g.txt
  0265_evan_t.txt
  0266_natalie_p.txt
  0268_lisa_m.txt
  0269_marcus_d.txt
  0270_ryan_b.txt
  0271_olivia_c.txt
  0272_derek_h.txt
  0273_paula_m.txt
  0274_marcus_l.txt
  0275_monica_l.txt
  0276_lauren_s.txt
  0277_kevin_r.txt
  0278_andre_m.txt
  0279_haley_c.txt
  0280_jared_b.txt
  0281_olivia_r.txt
  0282_trevor_d.txt
  0283_simone_k.txt
  0284_daniel_w.txt
  0285_trevor_p.txt
  0287_emily_f.txt
  0288_kyle_m.txt
  0289_natalie_d.txt
  0291_aaron_s.txt
  0294_victor_s.txt
  0298_dana_r.txt
  0299_kevin_l.txt
  0300_eric_d.txt
  0301_monica_k.txt
  0302_patrick_h.txt
  0303_alyssa_m.txt
  0304_jerome_t.txt
  0305_hannah_c.txt
  0306_trevor_k.txt
  0308_brian_d.txt
  0310_victor_l.txt
  0313_rachel_d.txt
  0314_dante_m.txt
  0315_elaine_k.txt
  0316_jared_p.txt
  0317_brooke_a.txt
  0318_leo_r.txt
  0319_tasha_w.txt
  0320_dennis_c.txt
  0321_kendra_s.txt
  0322_caleb_r.txt
  0324_damon_s.txt
  0325_lila_w.txt
  0326_harold_b.txt
  0327_casey_m.txt
  0328_simon_k.txt
  0330_darren_l.txt
  0332_liam.txt
  0333_chloe.txt
  0335_sarah.txt
  0337_nina.txt
  0338_jack.txt
  0339_mia.txt
  0340_leo.txt
  0341_zoe.txt
  0342_aaron_mitchell.txt
  0343_haley_simmons.txt
  0344_trevor_daniels.txt
  0345_denise_parker.txt
  0346_tyler_brooks.txt
  0347_monica_rivera.txt
  0348_scott_turner.txt
  0349_claire_donnelly.txt
  0350_jordan_keller.txt
  0351_rachel_bennett.txt
  0353_chloe.txt
  0354_marcus.txt
  0355_sarah.txt
  0356_evan.txt
  0358_jack.txt
  0359_mia.txt
  0360_leo.txt
  0361_zoe.txt
  0362_ethan_walker.txt
  0363_nicole_adams.txt
  0364_marcus_reed.txt
  0365_lauren_fisher.txt
  0366_brandon_cole.txt
  0367_olivia_grant.txt
  0368_daniel_price.txt
  0369_rachel_bennett.txt
  0370_steven_morales.txt
  0371_hannah_cooper.txt
  0372_liam.txt
  0373_chloe.txt
  0374_marcus.txt
  0376_evan.txt
  0378_jack.txt
  0379_mia.txt
  0382_tyler_jensen.txt
  0383_megan_brooks.txt
  0384_carlos_vega.txt
  0385_danielle_harper.txt
  0386_patrick_doyle.txt
  0387_jasmine_reed.txt
  0388_brian_o_connor.txt
  0391_olivia_sanders.txt
  0394_karen_hernandez.txt
  0401_alex_carter.txt
  0407_andrew_clark.txt
  0410_emily_carter.txt
  0411_thomas_greene.txt
  0412_tyler_jennings.txt
  0413_rachel_kim.txt
  0414_carlos_mendoza.txt
  0415_natalie_foster.txt
  0416_megan_harper.txt
  0417_derek_lawson.txt
  0418_olivia_bennett.txt
  0419_kevin_morales.txt
  0420_allison_reed.txt
  0421_aaron_whitfield.txt
  0422_jenna_caldwell.txt
  0423_leo_ramirez.txt
  0424_brooke_sanders.txt
  0425_nathan_cole.txt
  0426_caleb_john.txt
  0427_travis_scott.txt
  0428_natalie.txt
  0429_alicia.txt
  0430_marcus.txt
  0431_mason.txt
  0432_ethan_m.txt
  0433_rachel_d.txt
  0434_jason_l.txt
  0435_olivia_s.txt
  0436_brandon_k.txt
  0437_daniel_harper.txt
  0438_alicia_benton.txt
  0439_trevor_collins.txt
  0440_natalie_brooks.txt
  0441_marcus_hill.txt
  0442_brandon_keller.txt
  0443_melissa_grant.txt
  0444_victor_alvarez.txt
  0445_rachel_simmons.txt
  0446_leonard_price.txt
  0447_tyler_jennings.txt
  0448_brianna_cole.txt
  0449_kenneth_boyd.txt
  0450_sophie_bennett.txt
  0451_marcus_doyle.txt
  0452_aaron_mitchell.txt
  0453_lauren_bishop.txt
  0454_marcus_greene.txt
  0455_emily_carter.txt
  0456_leonard_briggs.txt
  0457_ethan_caldwell.txt
  0458_alicia_moreno.txt
  0459_logan_pierce.txt
  0460_dana_schultz.txt
  0461_victor_hammond.txt
  0462_michelle_grant.txt
  0463_kyle_donovan.txt
  0464_derek_sullivan.txt
  0465_kayla_monroe.txt
  0466_anthony_delgado.txt
  0467_jenna_whitfield.txt
  0468_harold_mckinley.txt
  0469_tyler_grant.txt
  0470_daniel_harper.txt
  0471_angela_torres.txt
  0472_marcus_bell.txt
  0473_tyler_mcgraw.txt
  0474_lauren_whitaker.txt
  0475_brandon_cole.txt
  0476_daniel_harper.txt
  0477_alicia_benton.txt
  0478_marcus_delgado.txt
  0479_trevor_lawson.txt
  0480_ryan_caldwell.txt
  0481_stephanie_miller.txt
  0482_kevin_o_neal.txt
  0483_laura_simmons.txt
  0484_jordan_blake.txt
  0485_brandon_keller.txt
  0486_michelle_torres.txt
  0487_eric_lawson.txt
  0488_kevin_o_neal.txt
  0489_kevin_morales.txt
  0490_olivia_grant.txt
  0491_marcus_lee.txt
  0492_hannah_cooper.txt
  0493_caleb_foster.txt
  0494_monica_blake.txt
  0496_alicia_morgan.txt
  0497_tyler_dean.txt
  0498_lauren_briggs.txt
  0499_nathan_cole.txt
  0500_grace_whitaker.txt
  0501_derek_vaughn.txt
  0502_megan_riley.txt
  0503_jordan_ellis.txt
  0504_stephanie_ward.txt
  0505_trevor_miles.txt
  0506_natalie_cross.txt
  0507_alex_harmon.txt
  0508_brooke_larson.txt
  0509_sean_patel.txt
  0510_emily_porter.txt
  0511_kyle_benson.txt
  0512_tara_collins.txt
  0513_hannah.txt
  0514_lucas.txt
  0515_sophie.txt
  0516_eric.txt
  0517_lauren.txt
  0518_matthew.txt
  0519_alicia.txt
  0520_caleb.txt
  0521_natalie.txt
  0522_patrick.txt
  0523_damon.txt
  0524_alica.txt
  0525_harold.txt
  0526_brianna.txt
  0527_shane.txt
  0529_calvin.txt
  0530_natalia.txt
  0531_victor.txt
  0532_lillian.txt
  0533_raymond.txt
  0534_tania.txt
  0535_grant.txt
  0536_sophia.txt
  0538_brielle.txt
  0539_leonard.txt
  0541_andre.txt
  0542_felicia.txt
  0544_kelvin.txt
  0545_kelly.txt
  0546_july.txt
  0548_alina.txt
  0549_alex.txt
  0551_angelina.txt
  0552_jolie.txt
  0553_preston.txt
  0555_cedric.txt
  0557_lionel.txt
  0559_harrison.txt
  0562_camille.txt
  0566_bianca.txt
  0567_malcolm.txt
  0571_darius.txt
  0574_melissa_carter.txt
  0575_brian_o_neil.txt
  0576_ashley_nguyen.txt
  0577_jonathan_pierce.txt
  0578_marcus_fields.txt
  0579_pastry_cook.txt
  0580_olivia_grant.txt
  0581_ethan_caldwell.txt
  0582_marcus_bell.txt
  0583_trevor_lang.txt
  0584_susan_gonzalez.txt
  0587_david_clark.txt
  0588_mary_sanchez.txt
  0590_mary_thompson.txt
  0591_joshua_white.txt
  0592_john_garcia.txt
  0593_richard_ramirez.txt
  0594_melissa_miller.txt
  0596_david_martin.txt
  0597_steven_williams.txt
  0599_michelle_sanchez.txt
  0600_edward_sanchez.txt
  0601_elizabeth_thompson.txt
  0603_mary_smith.txt
  0604_andrew_martin.txt
  0606_james_lee.txt
  0607_susan_perez.txt
  0608_christopher_moore.txt
  0609_john_miller.txt
  0610_matthew_brown.txt
  0611_betty_lewis.txt
  0612_patricia_anderson.txt
  0614_barbara_anderson.txt
  0615_david_jones.txt
  0618_jennifer_clark.txt
  0620_michael_jackson.txt
  0623_carol_miller.txt
  0625_anthony_clark.txt
  0628_joshua_johnson.txt
  0629_george_thomas.txt
  0631_christopher_robinson.txt
  0633_james_miller.txt
  0634_elizabeth_martin.txt
  0635_lisa_clark.txt
  0637_alicia_grant.txt
  0639_lauren_whitman.txt
  0640_mark_daniels.txt
  0641_chloe_bennett.txt
  0643_natalie_rivera.txt
  0644_peter_hughes.txt
  0645_olivia_matthews.txt
  0646_liam.txt
  0647_chloe.txt
  0652_jack.txt
  0653_mia.txt
  0654_leo.txt
  0655_zoe.txt
  0656_edward_gonzalez.txt
  0657_joseph_moore.txt
  0662_christopher_thomas.txt
  0666_nicoloas_modric.txt
  0667_mason_trafford.txt
  0669_melissa_r.txt
  0670_thomas_d.txt
  0671_jason_mount.txt
  0672_romano_c.txt
  0673_alicia_monroe.txt
  0674_alan_wood.txt
  0675_ethan_walker.txt
  0676_lauren_bishop.txt
  0677_marcus_greene.txt
  0678_natalie_ford.txt
  0679_brian_callahan.txt
  0680_jacob_e_ramsay.txt
  0681_elliot_mcconnel.txt
  0682_joshua_andrich.txt
  0683_nina_stars.txt
  0684_gregory_walsh.txt
  0685_danielle_price.txt
  0686_samuel_ortiz.txt
  0687_rachel_kim.txt
  0688_tyler_brooks.txt
  0689_gregory_walsh.txt
  0690_alicia_turner.txt
  0691_marcus_reed.txt
  0692_sandra_holt.txt
  0693_tyler_benson.txt
  0694_daniel_r.txt
  0695_alicia_m.txt
  0696_marcus_h.txt
  0697_tiffany_s.txt
  0698_eric_l.txt
  0699_ethan_caldwell.txt
  0724_patricia_wells.txt
  0725_dylan_parker.txt
  0726_laura_simmons.txt
  0727_kevin_morales.txt
  0728_logan_price.txt
  0729_donna_alvarez.txt
  0730_eric_valdez.txt
  0731_rachel_kim.txt
  0732_kevin_marshall.txt
  0733_brandon_cole.txt
  0734_lorraine_pierce.txt
  0735_derek_vaughn.txt
  0736_natalie_simmons.txt
  0737_kevin_morales.txt
  0738_raymond_doyle.txt
  0739_emily_foster.txt
  0740_jordan_patel.txt
  0741_linda_chavez.txt
  0742_patrick_lowe.txt
  0743_russell_grant.txt
  0744_jenna_alvarez.txt
  0745_derek_shaw.txt
  0746_patricia_dunn.txt
  0758_marcus.txt
  0759_priya.txt
  0760_marcus.txt
  0761_priya.txt
  0762_marcus.txt
  0763_priya.txt
  0789_lauren.txt
  0790_marcus.txt
  0791_priya.txt
  0792_marissa.txt
  0793_denise.txt
  0794_maya.txt
  0795_alyssa.txt
  0796_marcus.txt
  0797_priya.txt
  0798_melissa.txt
  0799_priya.txt
  0800_marissa.txt
  0801_daniel.txt
  0802_priya.txt
  0803_trevor.txt
  0804_alicia.txt
  0805_alyssa.txt
  0806_trevor.txt
  0807_nina.txt
  0808_deshawn.txt
  0809_ava.txt
  0810_marcus.txt
  0811_chloe.txt
  0909_megan.txt
  0910_brandon.txt
  0911_talia.txt
  0912_luis.txt
  0913_chloe.txt
  0914_alyssa.txt
  0915_jordan.txt
  0916_priya.txt
  0917_trevor.txt
  0918_becca.txt
  0919_ava.txt
  0920_marcus.txt
  0921_nina.txt
  0922_ethan.txt
  0923_claire.txt
  0924_ava.txt
  0925_marcus.txt
  0926_priya.txt
  0927_jordan.txt
  0928_elena.txt
  0929_alyssa.txt
  0930_marcus.txt
  0931_priya.txt
  0932_devin.txt
  0933_beth.txt
  0979_megan.txt
  0980_priya.txt
  0981_marcus.txt
  0982_priya.txt
  0983_alyssa.txt
  0984_marcus.txt
  0985_priya.txt
  0986_marissa.txt
  0987_darnell.txt
  0988_elena.txt
  0989_marissa.txt
  0990_trevor.txt
  0991_elena.txt
  0992_emily.txt
  0993_marcus.txt
  0994_sofia.txt
  0995_maya.txt
  0996_andre.txt
  0997_serena.txt
  0998_avery.txt
  0999_marcus.txt
  1000_natalie.txt
  1001_alyssa.txt
  1002_devon.txt
  1003_priya.txt
  1004_alyssa.txt
  1005_marcus.txt
  1006_naomi.txt
  1007_jenna.txt
  1008_marcus.txt
  1009_priya.txt
  1010_alyssa.txt
  1011_brandon.txt
  1012_priya.txt
  1013_ashley.txt
  1014_derek.txt
  1015_monica.txt
  1016_ava.txt
  1031_caleb.txt
  1032_priya.txt
  1033_olivia.txt
  1034_marcus.txt
  1035_hannah.txt
  1036_marissa.txt
  1037_theo.txt
  1038_kiara.txt
  1039_alyssa.txt
  1040_marcus.txt
  1041_priya.txt
  1042_megan.txt
  1043_talia.txt
  1044_hannah.txt
  1045_marcus.txt
  1046_ava.txt
  1047_jordan.txt
  1048_sierra.txt
  1049_ashley.txt
  1050_marcus.txt
  1051_priya.txt
  1053_trevor.txt
  1054_priya.txt
  1055_maya.txt
  1056_trevor.txt
  1057_alina.txt
  1059_jordan.txt
  1060_priya.txt
  1061_colin.txt
  1062_tessa.txt
  1063_marissa.txt
  1064_travis.txt
  1065_aaliyah.txt
  1066_hannah.txt
  1067_marcus.txt
  1068_brianna.txt
  1069_marissa.txt
  1071_priya.txt
  1073_marcus.txt
  1074_claire.txt
  1075_mason.txt
  1076_priya.txt
  1077_talia.txt
  1078_alyssa.txt
  1079_marcus.txt
  1080_priya.txt
  1081_alyssa.txt
  1082_marcus.txt
  1214_jasmine_cole.txt
  1215_monica_reeves.txt
  1216_travis_holloway.txt
  1217_denise_porter.txt
  1218_marissa_cole.txt
  1219_trevor_haines.txt
  1220_elaine_porter.txt
  1221_melissa_grant.txt
  1222_jordan_reeves.txt
  1296_marissa_cole.txt
  1297_darren_whitfield.txt
  1298_tiana_brooks.txt
  1300_trevor_maddox.txt
  1301_denise_holloway.txt
  1302_marissa_cole.txt
  1303_derek_holloway.txt
  1304_evelyn_park.txt
  1305_melissa_garner.txt
  1306_trevor_holloway.txt
  1307_brianna_cole.txt
  1309_derrick_vaughn.txt
  1310_elaine_whitaker.txt
  1311_marissa_cole.txt
  1312_trevor_maddox.txt
  1313_kiara_benton.txt
  1314_melissa_harper.txt
  1315_trevor_collins.txt
  1316_aisha_monroe.txt
  1317_dana_whitaker.txt
  1318_marcus_ellison.txt
  1320_melissa_hart.txt
  1321_derek_lawson.txt
  1322_sophia_bennett.txt
  1323_marissa_cole.txt
  1324_brian_whitaker.txt
  1325_talia_monroe.txt
  1326_marissa_cole.txt
  1327_trevor_lang.txt
  1328_dana_whitfield.txt
  1330_eric_mendez.txt
  1331_dana_whitaker.txt
  1332_marissa_doyle.txt
  1333_terrence_holt.txt
  1334_kiara_bennett.txt
  1335_marissa_doyle.txt
  1337_elena_brooks.txt
  1338_marissa_holt.txt
  1339_darius_boone.txt
  1340_elena_whitaker.txt
  1341_marissa_cole.txt
  1342_devin_harper.txt
  1343_kiara_bennett.txt
  1344_marissa_cole.txt
  1345_trevor_nash.txt
  1346_kiara_bennett.txt
  1347_marissa_cole.txt
  1348_ethan_alvarez.txt
  1349_danielle_mercer.txt
  1350_marissa_cole.txt
  1351_trevor_gaines.txt
  1352_denise_holloway.txt
  1353_marissa_cole.txt
  1354_evan_mercer.txt
  1355_denise_holloway.txt
  1356_marissa_doyle.txt
  1357_leonard_price.txt
  1358_kiara_benton.txt
  1359_monica_reyes.txt
  1360_darren_whitaker.txt
  1361_priya_holloway.txt
  1362_melissa_carver.txt
  1363_brandon_pike.txt
  1365_marissa_cole.txt
  1366_trevor_banks.txt
  1367_alicia_monroe.txt
  1368_marissa_cole.txt
  1369_trevor_mitchell.txt
  1370_darius_bennett.txt
  1371_marissa_doyle.txt
  1372_trevor_lang.txt
  1373_denise_holloway.txt
  1374_melissa_harper.txt
  1375_brandon_lee.txt
  1376_aisha_bennett.txt
  1377_marissa_cole.txt
  1378_trevor_nguyen.txt
  1379_denise_holloway.txt
  1380_marissa_cole.txt
  1381_devin_hart.txt
  1382_elaine_brooks.txt
  1383_marissa_cole.txt
  1384_darnell_price.txt
  1385_kelsey_moran.txt
  1386_marissa_cole.txt
  1387_devin_harlow.txt
  1388_patrice_wynn.txt
  1389_melissa_grant.txt
  1390_andre_molina.txt
  1391_hannah_brooks.txt
  1393_devin_harper.txt
  1394_kendra_liu.txt
  1395_alyssa_moreno.txt
  1396_marcus_bell.txt
  1397_denise_whitaker.txt
  1398_trevor_hanley.txt
  1399_courtney_briggs.txt
  1400_alyssa_moreno.txt
  1402_dana_whitlock.txt
  1403_marcus_ellison.txt
  1404_kelsey_tran.txt
  1405_marissa_cole.txt
  1406_trevor_mcneil.txt
  1407_aaliyah_benson.txt
  1408_daniel_hsu.txt
  1409_erica_holloway.txt
  1410_hannah_pritchard.txt
  1411_trevor_mcmillan.txt
  1412_alicia_moreno.txt
  1413_jason_whitaker.txt
  1414_brooke_landry.txt
  1415_marissa_cole.txt
  1416_devin_hart.txt
  1417_elaine_porter.txt
  1418_trevor_banks.txt
  1419_jocelyn_reed.txt
  1420_marissa_cole.txt
  1421_trevor_bennett.txt
  1422_kendra_walsh.txt
  1423_damon_price.txt
  1424_elena_brooks.txt
  1425_marissa_cole.txt
  1426_trevor_maddox.txt
  1427_nia_patterson.txt
  1428_owen_becker.txt
  1429_felicia_harmon.txt
  1430_natalie_brooks.txt
  1431_trevor_holloway.txt
  1432_denise_calloway.txt
  1433_owen_mercer.txt
  1434_kendra_lin.txt
  1435_allison_mercer.txt
  1436_marcus_holloway.txt
  1437_renee_castillo.txt
  1438_devin_callow.txt
  1439_nicole_barrett.txt
  1440_marissa_cole.txt
  1441_anthony_ramirez.txt
  1442_evelyn_hart.txt
  1443_jordan_pike.txt
  1444_brianna_foster.txt
  1445_melissa_harper.txt
  1446_jordan_ellis.txt
  1447_denise_caldwell.txt
  1448_trevor_boone.txt
  1449_hannah_whitaker.txt
  1450_marissa_cole.txt
  1451_trevor_maddox.txt
  1452_kiara_benson.txt
  1453_owen_heller.txt
  1454_elena_whitaker.txt
  1455_marissa_holt.txt
  1456_devon_pierce.txt
  1457_kiara_benson.txt
  1458_leonard_chavez.txt
  1459_alina_brooks.txt
  1460_marissa_holt.txt
  1461_darius_bennett.txt
  1462_elena_pierce.txt
  1463_trevor_sloan.txt
  1464_aaliyah_foster.txt
  1465_marissa_cole.txt
  1466_trevor_nash.txt
  1467_danielle_mercer.txt
  1468_owen_fletcher.txt
  1469_kelsey_whitman.txt
  1470_avery_collins.txt
  1471_brandon_lee.txt
  1472_kiara_bennett.txt
  1473_nolan_pierce.txt
  1474_felicia_monroe.txt
  1475_melissa_carter.txt
  1476_daniel_brooks.txt
  1477_nicole_ramirez.txt
  1479_aisha_bennett.txt
  1480_marissa_cole.txt
  1481_terrence_hale.txt
  1482_aaliyah_bennett.txt
  1483_calvin_reeves.txt
  1484_briana_whitfield.txt
  1485_lauren_whitaker.txt
  1486_devin_holloway.txt
  1487_renee_mccall.txt
  1488_marcus_ellison.txt
  1489_tasha_bennett.txt
  1490_melissa_grant.txt
  1491_jordan_ellis.txt
  1492_priya_holloway.txt
  1493_damon_pierce.txt
  1494_hannah_russo.txt
  1495_melissa_grant.txt
  1496_trevor_holloway.txt
  1497_aisha_pennington.txt
  1498_benjamin_sutter.txt
  1500_marissa_cole.txt
  1501_calvin_reese.txt
  1502_priya_linton.txt
  1503_daniel_pruitt.txt
  1504_tasha_nguyen.txt
  1505_melissa_garner.txt
  1506_darnell_price.txt
  1507_priya_holloway.txt
  1508_owen_mercer.txt
  1509_hannah_whitaker.txt
  1510_marissa_cole.txt
  1512_elena_whitaker.txt
  1513_damian_foster.txt
  1514_brianna_sutton.txt
  1516_trevor_nguyen.txt
  1517_denise_holloway.txt
  1794_lauren_bishop.txt

