[2026-03-12 23:55:06] source=Team management - Pantima - Notes_Event.csv total=651
  0071_daniel.txt
  0072_alicia.txt
  0073_marcus.txt
  0074_heather.txt
  0075_kevin.txt
  0077_samantha.txt
  0078_tyler.txt
  0079_melissa.txt
  0080_jordan.txt
  0082_kevin.txt
  0084_marcus.txt
  0085_natalie.txt
  0086_derek.txt
  0087_aaron.txt
  0088_danielle.txt
  0089_trevor.txt
  0090_olivia.txt
  0091_gregory.txt
  0092_chloe.txt
  0093_victor.txt
  0094_brianna.txt
  0095_ethan.txt
  0096_lauren.txt
  0098_alyssa.txt
  0099_trevor.txt
  0100_dana.txt
  0101_raymond.txt
  0102_lila.txt
  0103_brian.txt
  0104_sophia.txt
  0105_jonathan.txt
  0106_carla.txt
  0107_marcus.txt
  0108_alisha.txt
  0109_trevor.txt
  0110_danielle.txt
  0112_erica.txt
  0113_kyle.txt
  0114_daniel.txt
  0115_melissa.txt
  0116_trevor.txt
  0117_alicia.txt
  0118_brandon.txt
  0119_sophia.txt
  0121_kyle.txt
  0122_patricia.txt
  0123_gregory.txt
  0125_melissa.txt
  0126_brandon.txt
  0127_alicia.txt
  0128_samuel.txt
  0129_natalie.txt
  0134_marcus.txt
  0135_alicia.txt
  0136_trevor.txt
  0137_natalie.txt
  0138_brandon.txt
  0139_aaron.txt
  0140_brianna.txt
  0142_carla.txt
  0144_kyle.txt
  0146_aaron.txt
  0147_patricia.txt
  0149_tyler.txt
  0150_olivia.txt
  0221_brandon.txt
  0222_natalie.txt
  0223_derek.txt
  0226_sophie.txt
  0227_tyler.txt
  0229_jordan.txt
  0230_grace.txt
  0231_jason.txt
  0233_trevor.txt
  0234_melissa.txt
  0238_stephanie.txt
  0239_eric.txt
  0241_aaron.txt
  0244_denise.txt
  0246_sophie.txt
  0247_miguel.txt
  0248_olivia.txt
  0251_ryan.txt
  0252_stephanie.txt
  0253_john.txt
  0254_daniel.txt
  0255_melissa.txt
  0257_jessica.txt
  0258_trevor.txt
  0259_ashley.txt
  0260_jacob.txt
  0261_michael.txt
  0262_dan.txt
  0263_lauren.txt
  0265_liu.txt
  0267_melissa.txt
  0268_daniel.txt
  0271_jordan.txt
  0272_olivia.txt
  0273_rachel.txt
  0274_brooke.txt
  0275_marcus.txt
  0279_kevin.txt
  0281_jasmine.txt
  0283_tyler.txt
  0285_chloe.txt
  0286_ethan.txt
  0287_alicia_gomez.txt
  0288_jordan_blake.txt
  0289_brittany_cole.txt
  0292_ethan.txt
  0293_melissa.txt
  0294_rachel.txt
  0295_tyler.txt
  0296_kevin.txt
  0298_alicia.txt
  0299_trevor_cole.txt
  0300_diane_whitaker.txt
  0307_isabella.txt
  0310_james.txt
  0314_henry.txt
  0316_alexander.txt
  0320_michael.txt
  0322_david.txt
  0330_jack.txt
  0336_julian.txt
  0338_levi.txt
  0342_isaac.txt
  0344_gabriel.txt
  0346_anthony.txt
  0348_christopher.txt
  0349_penelope.txt
  0352_isaac.txt
  0353_stella.txt
  0354_gabriel.txt
  0356_anthony.txt
  0358_christopher.txt
  0359_penelope.txt
  0360_charles.txt
  0362_adam.txt
  0363_ruby.txt
  0366_patrick.txt
  0368_robert.txt
  0370_kevin.txt
  0373_iris.txt
  0374_eric.txt
  0377_jade.txt
  0380_matthew_torres.txt
  0381_steven_adams.txt
  0382_nancy_walker.txt
  0384_susan_brown.txt
  0385_karen_martin.txt
  0386_charles_scott.txt
  0388_charles_jones.txt
  0389_anthony_ramirez.txt
  0390_ashley_jones.txt
  0391_elizabeth_robinson.txt
  0394_kimberly_johnson.txt
  0395_kevin_thompson.txt
  0396_steven_miller.txt
  0397_michelle_perez.txt
  0398_kenneth_ramirez.txt
  0400_donald_jones.txt
  0401_thomas_johnson.txt
  0403_donna_smith.txt
  0404_michelle_gonzalez.txt
  0408_james_gonzalez.txt
  0409_david_miller.txt
  0410_ashley_ramirez.txt
  0411_natalie.txt
  0412_derrick.txt
  0413_olivia.txt
  0466_timothy_rivera.txt
  0467_daniel_campbell.txt
  0468_margaret_williams.txt
  0469_amanda_lewis.txt
  0474_joseph_smith.txt
  0475_anthony_thompson.txt
  0477_michelle_young.txt
  0478_donna_garcia.txt
  0479_angela_harris.txt
  0481_charles_brown.txt
  0482_brian_williams.txt
  0483_amanda_walker.txt
  0485_ryan_lewis.txt
  0489_karen_martinez.txt
  0492_mark_allen.txt
  0493_sandra_allen.txt
  0497_jeffrey_lewis.txt
  0498_shirley_roberts.txt
  0499_karen_roberts.txt
  0500_donna_williams.txt
  0501_susan_taylor.txt
  0502_margaret_robinson.txt
  0505_marissa_cole.txt
  0506_daniel_mercer.txt
  0507_alicia_nguyen.txt
  0508_marcus_hale.txt
  0509_renee_foster.txt
  0510_melissa_carter.txt
  0511_devon_brooks.txt
  0512_priya_shah.txt
  0513_kyle_ramirez.txt
  0514_aaliyah_jenkins.txt
  0515_lauren_mckee.txt
  0516_victor_salazar.txt
  0517_denise_holloway.txt
  0518_marcus_blevins.txt
  0519_priya_raman.txt
  0520_marissa_cole.txt
  0521_darius_vaughn.txt
  0522_tessa_nguyen.txt
  0523_owen_mercer.txt
  0524_lila_hernandez.txt
  0525_maya_ellison.txt
  0526_derek_holloway.txt
  0527_alana_pierce.txt
  0528_evan_mercer.txt
  0529_priya_sandoval.txt
  0530_melyssa_grant.txt
  0531_darren_holt.txt
  0532_aaliyah_brooks.txt
  0533_robert_kim.txt
  0535_marissa_cole.txt
  0537_tessa_nguyen.txt
  0538_caleb_foster.txt
  0539_alina_brooks.txt
  0540_melissa_carver.txt
  0542_tasha_nguyen.txt
  0544_renee_holloway.txt
  0545_melissa_carter.txt
  0546_brian_holloway.txt
  0548_omar_jenkins.txt
  0549_priya_shah.txt
  0550_hannah_porter.txt
  0552_priya_nair.txt
  0553_derek_sloan.txt
  0554_elena_ruiz.txt
  0555_hannah_pierce.txt
  0556_marcus_bell.txt
  0557_olivia_ramirez.txt
  0558_trevor_cole.txt
  0559_simone_whitaker.txt
  0561_trevor_hayes.txt
  0562_elena_ruiz.txt
  0563_darius_bennett.txt
  0564_naomi_park.txt
  0565_alyssa_moreno.txt
  0567_priya_nair.txt
  0568_daniel_brooks.txt
  0569_sofia_ramirez.txt
  0570_natalie_brooks.txt
  0571_marcus_hale.txt
  0572_priya_shah.txt
  0573_ethan_mercer.txt
  0574_lena_whitmore.txt
  0575_allison_pierce.txt
  0576_marcus_holloway.txt
  0578_derek_molina.txt
  0579_serena_walsh.txt
  0581_brandon_lee.txt
  0582_priya_morrison.txt
  0583_anthony_ramirez.txt
  0584_kelsey_nguyen.txt
  0586_derek_holloway.txt
  0587_tiana_brooks.txt
  0588_owen_mercer.txt
  0589_felicia_nguyen.txt
  0590_natalie_brooks.txt
  0591_marcus_holloway.txt
  0592_priya_sandoval.txt
  0594_alana_pierce.txt
  0596_darren_cole.txt
  0597_priya_nair.txt
  0598_aaron_whitfield.txt
  0600_melissa_grant.txt
  0601_jordan_pike.txt
  0603_eric_holloway.txt
  0604_hannah_cole.txt
  0606_darnell_price.txt
  0607_elena_park.txt
  0608_kevin_ramirez.txt
  0609_priya_dalton.txt
  0611_devin_carraway.txt
  0612_renee_whitaker.txt
  0613_caleb_vance.txt
  0614_tasha_monroe.txt
  0616_marcus_holloway.txt
  0617_olivia_bennett.txt
  0618_trevor_cole.txt
  0619_priya_shah.txt
  0620_marissa_cole.txt
  0621_trevor_bishop.txt
  0622_dana_hsu.txt
  0623_nolan_reeves.txt
  0624_elaine_porter.txt
  0625_melissa_carter.txt
  0626_brandon_lee.txt
  0627_tasha_nguyen.txt
  0628_stephen_morales.txt
  0629_erica_holloway.txt
  0630_melissa_grant.txt
  0631_trevor_molina.txt
  0632_aaliyah_brooks.txt
  0633_daniel_pierce.txt
  0634_hannah_cole.txt
  0635_emily_carter.txt
  0638_daniel_brooks.txt
  0639_lauren_mitchell.txt
  0641_devin_holloway.txt
  0642_elena_vargas.txt
  0643_tyler_bishop.txt
  0646_trevor_nguyen.txt
  0647_dana_whitaker.txt
  0648_luis_romero.txt
  0649_kelsey_boone.txt
  0651_darren_cole.txt
  0652_jasmine_patel.txt
  0653_marcus_holloway.txt
  0654_olivia_ramirez.txt
  0655_alyssa_moreno.txt
  0656_trevor_beck.txt
  0657_denise_holloway.txt
  0658_marcus_yates.txt
  0659_priya_sethi.txt
  0660_brianna_cole.txt
  0661_marcus_d_henson.txt
  0662_elena_park.txt
  0663_owen_ramirez.txt
  0664_tasha_nguyen.txt
  0665_monica_hale.txt
  0666_brandon_lee.txt
  0667_tasha_nguyen.txt
  0668_derek_molina.txt
  0669_felicia_brooks.txt
  0670_marissa_cole.txt
  0671_darnell_price.txt
  0672_evelyn_harper.txt
  0674_tessa_nguyen.txt
  0675_marissa_cole.txt
  0676_trevor_haines.txt
  0677_elena_brooks.txt
  0678_noah_whitaker.txt
  0679_kiara_sutton.txt
  0680_marissa_cole.txt
  0681_darren_whitfield.txt
  0683_owen_ramirez.txt
  0684_evelyn_price.txt
  0686_darren_holt.txt
  0687_kiara_monroe.txt
  0688_noah_whitaker.txt
  0689_priya_sethi.txt
  0690_natalie_brooks.txt
  0691_marcus_ellison.txt
  0694_evelyn_hart.txt
  0695_melissa_carter.txt
  0696_daniel_brooks.txt
  0698_marcus_hill.txt
  0699_hannah_nguyen.txt
  0700_marissa_cole.txt
  0701_trevor_lang.txt
  0702_elaine_foster.txt
  0703_darius_benton.txt
  0704_nicole_ramirez.txt
  0706_calvin_reese.txt
  0707_tiana_brooks.txt
  0708_darren_whitaker.txt
  0709_elena_park.txt
  0711_marcus_delaney.txt
  0713_daniel_ruiz.txt
  0716_darius_bennett.txt
  0717_evelyn_park.txt
  0718_nolan_reyes.txt
  0720_hannah_porter.txt
  0721_marcus_ellison.txt
  0723_robert_gaines.txt
  0724_sofia_mendoza.txt
  0725_alyssa_moreno.txt
  0726_darren_pike.txt
  0727_naomi_fletcher.txt
  0728_marcus_ellison.txt
  0731_marcus_hale.txt
  0732_priya_shah.txt
  0733_evelyn_carter.txt
  0734_jordan_kim.txt
  0735_marissa_doyle.txt
  0736_travis_mckenna.txt
  0737_evelyn_hart.txt
  0738_jerome_ellis.txt
  0739_16.txt
  0741_ethan_holloway.txt
  0742_denise_harper.txt
  0743_joel_mercer.txt
  0744_priya_bennett.txt
  0747_aisha_coleman.txt
  0748_christopher_yates.txt
  0749_lauren_bishop.txt
  0751_derek_holloway.txt
  0752_priya_nanduri.txt
  0753_evan_whitmore.txt
  0754_talia_mendoza.txt
  0755_marissa_doyle.txt
  0756_terrence_hall.txt
  0757_elena_vargas.txt
  0758_noah_bennett.txt
  0759_kiara_sutton.txt
  0760_marissa_cole.txt
  0761_devin_hart.txt
  0764_hannah_foster.txt
  0765_emily_carter.txt
  0766_marcus_hill.txt
  0767_sofia_ramirez.txt
  0769_rachel_nguyen.txt
  0770_marissa_cole.txt
  0771_trevor_nguyen.txt
  0773_elena_ramirez.txt
  0774_owen_parker.txt
  0775_marissa_cole.txt
  0778_aaliyah_mercer.txt
  0780_madison_keller.txt
  0782_priya_sandoval.txt
  0783_noah_whitaker.txt
  0786_brandon_lee.txt
  0788_noah_whitaker.txt
  0789_priya_donnelly.txt
  0790_marissa_cole.txt
  0791_terrence_brooks.txt
  0792_evelyn_price.txt
  0793_nolan_reyes.txt
  0796_darnell_price.txt
  0797_evelyn_shaw.txt
  0799_camille_nguyen.txt
  0800_marissa_cole.txt
  0802_denise_alvarez.txt
  0805_marissa_cole.txt
  0806_daniel_whitaker.txt
  0808_trevor_banks.txt
  0809_aisha_bennett.txt
  0810_natalie_brooks.txt
  0811_marcus_hill.txt
  0813_connor_alvarez.txt
  0814_denise_carter.txt
  0816_melissa_grant.txt
  0817_trevor_miles.txt
  0819_raymond_cole.txt
  0820_aisha_patel.txt
  0822_darius_whitmore.txt
  0823_elena_pruitt.txt
  0824_colin_reyes.txt
  0825_priya_holloway.txt
  0830_priya_nanduri.txt
  0832_darren_whitaker.txt
  0833_keisha_bennett.txt
  0834_owen_patel.txt
  0835_elena_ramirez.txt
  0836_avery_collins.txt
  0837_marcus_hale.txt
  0839_daniel_brooks.txt
  0840_priya_sutton.txt
  0843_priya_daniels.txt
  0844_caleb_foster.txt
  0845_elena_ramirez.txt
  0846_marissa_cole.txt
  0850_dana_whitaker.txt
  0851_marissa_coleman.txt
  0853_danielle_park.txt
  0854_kevin_whitaker.txt
  0856_marissa_cole.txt
  0857_devin_hart.txt
  0859_aaron_bishop.txt
  0860_elena_brooks.txt
  0862_devon_mercer.txt
  0864_andre_bowers.txt
  0865_elena_foster.txt
  0869_raymond_ellis.txt
  0872_marcus_delaney.txt
  0873_tiana_mercer.txt
  0875_priya_sethi.txt
  0876_melissa_hart.txt
  0877_daniel_pierce.txt
  0878_priya_bennett.txt
  0879_robert_kim.txt
  0882_trevor_nguyen.txt
  0883_denise_holloway.txt
  0884_caleb_foster.txt
  0885_lila_bennett.txt
  0886_natalie_brooks.txt
  0888_jasmine_carter.txt
  0890_olivia_ramirez.txt
  0892_calvin_reese.txt
  0893_tiana_brooks.txt
  0895_selena_ward.txt
  0897_marcus_bell.txt
  0898_priya_sethi.txt
  0900_serena_caldwell.txt
  0902_daniel_price.txt
  0905_tasha_nguyen.txt
  0906_marissa_cole.txt
  0907_donovan_pierce.txt
  0909_ethan_holloway.txt
  0910_lila_monroe.txt
  0911_lauren_whitaker.txt
  0915_tessa_holloway.txt
  0916_marissa_holt.txt
  0918_kiara_bennett.txt
  0919_ronald_pierce.txt
  0920_elena_brooks.txt
  0922_daniel_ruiz.txt
  0924_owen_hart.txt
  0925_felicia_monroe.txt
  0926_marissa_cole.txt
  0929_trevor_mcneil.txt
  0930_aisha_bennett.txt
  0932_derek_holloway.txt
  0934_sean_whitaker.txt
  0937_marcus_ellison.txt
  0938_priya_hammond.txt
  0942_darnell_pierce.txt
  0945_priya_nanduri.txt
  0947_daniel_ruiz.txt
  0949_kevin_barlow.txt
  0950_priya_coleman.txt
  0951_allison_mercer.txt
  1001_marissa_cole.txt
  1002_trevor_gaines.txt
  1003_keisha_benton.txt
  1004_owen_fletcher.txt
  1005_linda_park.txt
  1006_jonah_rice.txt
  1007_naomi_foster.txt
  1008_kelsey_tran.txt
  1009_hannah_wells.txt
  1010_marisol_keen.txt
  1011_melissa_carter.txt
  1012_brandon_lee.txt
  1013_priya_holloway.txt
  1014_evan_morales.txt
  1015_dana_whitaker.txt
  1017_darnell_price.txt
  1019_trevor_nguyen.txt
  1020_denise_alvarez.txt
  1021_marissa_cole.txt
  1022_jordan_velez.txt
  1023_alina_mercer.txt
  1024_devin_rusk.txt
  1025_priya_danner.txt
  1027_daniel_ruiz.txt
  1028_lauren_kim.txt
  1029_travis_bennett.txt
  1030_simone_carter.txt
  1031_lauren_mckee.txt
  1032_marcus_holloway.txt
  1033_priya_sandoval.txt
  1034_brianne_porter.txt
  1035_devon_whitaker.txt
  1036_emily_hart.txt
  1037_marcus_lee.txt
  1038_tasha_brooks.txt
  1039_daniel_ruiz.txt
  1040_lauren_whitaker.txt
  1041_jenna_morales.txt
  1042_caleb_turner.txt
  1043_brianna_cole.txt
  1044_eric_holloway.txt
  1045_naomi_patel.txt
  1046_emily_harper.txt
  1047_marcus_lee.txt
  1048_alicia_torres.txt
  1049_thomas_waller.txt
  1050_priya_nair.txt
  1051_marissa_cole.txt
  1052_derek_vaughn.txt
  1053_lydia_bennett.txt
  1054_jordan_ellis.txt
  1055_simone_harper.txt
  1056_melissa_harper.txt
  1057_brandon_ellis.txt
  1058_priya_bennett.txt
  1059_trevor_mclean.txt
  1060_alana_brooks.txt
  1061_marissa_gomez.txt
  1062_daniel_brooks.txt
  1063_kelsey_harper.txt
  1064_aaron_miller.txt
  1065_tiana_rivera.txt
  1066_hannah_mercer.txt
  1067_marcus_ellison.txt
  1068_kiara_bennett.txt
  1069_daniel_rios.txt
  1070_brooke_callahan.txt
  1071_erica_nolan.txt
  1072_marcus_bell.txt
  1073_tyrese_coleman.txt
  1074_hannah_pierce.txt
  1075_olivia_ramirez.txt
  1076_melissa_garner.txt
  1077_jordan_pike.txt
  1078_renee_holloway.txt
  1079_ethan_morales.txt
  1080_claire_sutton.txt
  1081_megan_ortiz.txt
  1082_travis_boone.txt
  1083_danielle_price.txt
  1084_jesse_rowan.txt
  1085_marcus_lee.txt
  1086_logan_mercer.txt
  1087_jasmine_holloway.txt
  1088_ethan_salazar.txt
  1089_monica_pierce.txt
  1090_tyler_nguyen.txt
  1091_alyssa_moreno.txt
  1092_brandon_ellis.txt
  1093_kendra_willis.txt
  1094_daniel_cho.txt
  1095_kelly_ramirez.txt
  1096_melissa_carter.txt
  1097_darren_brooks.txt
  1098_jasmine_nguyen.txt
  1099_kevin_holloway.txt
  1100_priya_shah.txt
  1224_marcus_bell.txt
  1225_tanya_brooks.txt
  1226_marissa_cole.txt
  1227_darren_whitaker.txt
  1228_lena_park.txt
  1229_isaiah_bennett.txt
  1230_holly_ramirez.txt
  1231_danielle_ortiz.txt
  1232_kelsey_moran.txt
  1233_jordan_patel.txt
  1235_trevor_kim.txt
  1236_marissa_cole.txt
  1237_daniel_mercer.txt
  1238_tasha_nguyen.txt
  1239_everett_blake.txt
  1240_brianna_foster.txt
  1241_hannah_brooks.txt
  1242_marcus_ellison.txt
  1243_priya_desai.txt
  1244_luis_ramirez.txt
  1245_alyssa_turner.txt
  1246_marissa_cole.txt
  1247_derrick_harmon.txt
  1248_talia_nguyen.txt
  1249_oscar_delgado.txt
  1250_jasmine_rowe.txt
  1251_marissa_cole.txt
  1252_devon_whitaker.txt
  1254_trevor_hanley.txt
  1255_kiara_bennett.txt
  1447_aisha_manning.txt

[2026-03-13 13:30:26] source=Team management - Pantima - Notes_Event.csv total=967
  0071_daniel.txt
  0072_alicia.txt
  0073_marcus.txt
  0074_heather.txt
  0075_kevin.txt
  0077_samantha.txt
  0078_tyler.txt
  0079_melissa.txt
  0080_jordan.txt
  0082_kevin.txt
  0084_marcus.txt
  0085_natalie.txt
  0086_derek.txt
  0087_aaron.txt
  0088_danielle.txt
  0089_trevor.txt
  0090_olivia.txt
  0091_gregory.txt
  0092_chloe.txt
  0093_victor.txt
  0094_brianna.txt
  0095_ethan.txt
  0096_lauren.txt
  0098_alyssa.txt
  0099_trevor.txt
  0100_dana.txt
  0101_raymond.txt
  0102_lila.txt
  0103_brian.txt
  0104_sophia.txt
  0105_jonathan.txt
  0106_carla.txt
  0107_marcus.txt
  0108_alisha.txt
  0109_trevor.txt
  0110_danielle.txt
  0112_erica.txt
  0113_kyle.txt
  0114_daniel.txt
  0115_melissa.txt
  0116_trevor.txt
  0117_alicia.txt
  0118_brandon.txt
  0119_sophia.txt
  0121_kyle.txt
  0122_patricia.txt
  0123_gregory.txt
  0125_melissa.txt
  0126_brandon.txt
  0127_alicia.txt
  0128_samuel.txt
  0129_natalie.txt
  0134_marcus.txt
  0135_alicia.txt
  0136_trevor.txt
  0137_natalie.txt
  0138_brandon.txt
  0139_aaron.txt
  0140_brianna.txt
  0142_carla.txt
  0144_kyle.txt
  0146_aaron.txt
  0147_patricia.txt
  0149_tyler.txt
  0150_olivia.txt
  0221_brandon.txt
  0222_natalie.txt
  0223_derek.txt
  0226_sophie.txt
  0227_tyler.txt
  0229_jordan.txt
  0230_grace.txt
  0231_jason.txt
  0233_trevor.txt
  0234_melissa.txt
  0238_stephanie.txt
  0239_eric.txt
  0241_aaron.txt
  0244_denise.txt
  0246_sophie.txt
  0247_miguel.txt
  0248_olivia.txt
  0251_ryan.txt
  0252_stephanie.txt
  0253_john.txt
  0254_daniel.txt
  0255_melissa.txt
  0257_jessica.txt
  0258_trevor.txt
  0259_ashley.txt
  0260_jacob.txt
  0261_michael.txt
  0262_dan.txt
  0263_lauren.txt
  0265_liu.txt
  0267_melissa.txt
  0268_daniel.txt
  0271_jordan.txt
  0272_olivia.txt
  0273_rachel.txt
  0274_brooke.txt
  0275_marcus.txt
  0279_kevin.txt
  0281_jasmine.txt
  0283_tyler.txt
  0285_chloe.txt
  0286_ethan.txt
  0287_alicia_gomez.txt
  0288_jordan_blake.txt
  0289_brittany_cole.txt
  0292_ethan.txt
  0293_melissa.txt
  0294_rachel.txt
  0295_tyler.txt
  0296_kevin.txt
  0298_alicia.txt
  0299_trevor_cole.txt
  0300_diane_whitaker.txt
  0307_isabella.txt
  0310_james.txt
  0314_henry.txt
  0316_alexander.txt
  0320_michael.txt
  0322_david.txt
  0330_jack.txt
  0336_julian.txt
  0338_levi.txt
  0342_isaac.txt
  0344_gabriel.txt
  0346_anthony.txt
  0348_christopher.txt
  0349_penelope.txt
  0352_isaac.txt
  0353_stella.txt
  0354_gabriel.txt
  0356_anthony.txt
  0358_christopher.txt
  0359_penelope.txt
  0360_charles.txt
  0362_adam.txt
  0363_ruby.txt
  0366_patrick.txt
  0368_robert.txt
  0370_kevin.txt
  0373_iris.txt
  0374_eric.txt
  0377_jade.txt
  0380_matthew_torres.txt
  0381_steven_adams.txt
  0382_nancy_walker.txt
  0384_susan_brown.txt
  0385_karen_martin.txt
  0386_charles_scott.txt
  0388_charles_jones.txt
  0389_anthony_ramirez.txt
  0390_ashley_jones.txt
  0391_elizabeth_robinson.txt
  0394_kimberly_johnson.txt
  0395_kevin_thompson.txt
  0396_steven_miller.txt
  0397_michelle_perez.txt
  0398_kenneth_ramirez.txt
  0400_donald_jones.txt
  0401_thomas_johnson.txt
  0403_donna_smith.txt
  0404_michelle_gonzalez.txt
  0408_james_gonzalez.txt
  0409_david_miller.txt
  0410_ashley_ramirez.txt
  0411_natalie.txt
  0412_derrick.txt
  0413_olivia.txt
  0466_timothy_rivera.txt
  0467_daniel_campbell.txt
  0468_margaret_williams.txt
  0469_amanda_lewis.txt
  0474_joseph_smith.txt
  0475_anthony_thompson.txt
  0477_michelle_young.txt
  0478_donna_garcia.txt
  0479_angela_harris.txt
  0481_charles_brown.txt
  0482_brian_williams.txt
  0483_amanda_walker.txt
  0485_ryan_lewis.txt
  0489_karen_martinez.txt
  0492_mark_allen.txt
  0493_sandra_allen.txt
  0497_jeffrey_lewis.txt
  0498_shirley_roberts.txt
  0499_karen_roberts.txt
  0500_donna_williams.txt
  0501_susan_taylor.txt
  0502_margaret_robinson.txt
  0505_marissa_cole.txt
  0506_daniel_mercer.txt
  0507_alicia_nguyen.txt
  0508_marcus_hale.txt
  0509_renee_foster.txt
  0510_melissa_carter.txt
  0511_devon_brooks.txt
  0512_priya_shah.txt
  0513_kyle_ramirez.txt
  0514_aaliyah_jenkins.txt
  0515_lauren_mckee.txt
  0516_victor_salazar.txt
  0517_denise_holloway.txt
  0518_marcus_blevins.txt
  0519_priya_raman.txt
  0520_marissa_cole.txt
  0521_darius_vaughn.txt
  0522_tessa_nguyen.txt
  0523_owen_mercer.txt
  0524_lila_hernandez.txt
  0525_maya_ellison.txt
  0526_derek_holloway.txt
  0527_alana_pierce.txt
  0528_evan_mercer.txt
  0529_priya_sandoval.txt
  0530_melyssa_grant.txt
  0531_darren_holt.txt
  0532_aaliyah_brooks.txt
  0533_robert_kim.txt
  0535_marissa_cole.txt
  0537_tessa_nguyen.txt
  0538_caleb_foster.txt
  0539_alina_brooks.txt
  0540_melissa_carver.txt
  0542_tasha_nguyen.txt
  0544_renee_holloway.txt
  0545_melissa_carter.txt
  0546_brian_holloway.txt
  0548_omar_jenkins.txt
  0549_priya_shah.txt
  0550_hannah_porter.txt
  0552_priya_nair.txt
  0553_derek_sloan.txt
  0554_elena_ruiz.txt
  0555_hannah_pierce.txt
  0556_marcus_bell.txt
  0557_olivia_ramirez.txt
  0558_trevor_cole.txt
  0559_simone_whitaker.txt
  0561_trevor_hayes.txt
  0562_elena_ruiz.txt
  0563_darius_bennett.txt
  0564_naomi_park.txt
  0565_alyssa_moreno.txt
  0567_priya_nair.txt
  0568_daniel_brooks.txt
  0569_sofia_ramirez.txt
  0570_natalie_brooks.txt
  0571_marcus_hale.txt
  0572_priya_shah.txt
  0573_ethan_mercer.txt
  0574_lena_whitmore.txt
  0575_allison_pierce.txt
  0576_marcus_holloway.txt
  0578_derek_molina.txt
  0579_serena_walsh.txt
  0581_brandon_lee.txt
  0582_priya_morrison.txt
  0583_anthony_ramirez.txt
  0584_kelsey_nguyen.txt
  0586_derek_holloway.txt
  0587_tiana_brooks.txt
  0588_owen_mercer.txt
  0589_felicia_nguyen.txt
  0590_natalie_brooks.txt
  0591_marcus_holloway.txt
  0592_priya_sandoval.txt
  0594_alana_pierce.txt
  0596_darren_cole.txt
  0597_priya_nair.txt
  0598_aaron_whitfield.txt
  0600_melissa_grant.txt
  0601_jordan_pike.txt
  0603_eric_holloway.txt
  0604_hannah_cole.txt
  0606_darnell_price.txt
  0607_elena_park.txt
  0608_kevin_ramirez.txt
  0609_priya_dalton.txt
  0611_devin_carraway.txt
  0612_renee_whitaker.txt
  0613_caleb_vance.txt
  0614_tasha_monroe.txt
  0616_marcus_holloway.txt
  0617_olivia_bennett.txt
  0618_trevor_cole.txt
  0619_priya_shah.txt
  0620_marissa_cole.txt
  0621_trevor_bishop.txt
  0622_dana_hsu.txt
  0623_nolan_reeves.txt
  0624_elaine_porter.txt
  0625_melissa_carter.txt
  0626_brandon_lee.txt
  0627_tasha_nguyen.txt
  0628_stephen_morales.txt
  0629_erica_holloway.txt
  0630_melissa_grant.txt
  0631_trevor_molina.txt
  0632_aaliyah_brooks.txt
  0633_daniel_pierce.txt
  0634_hannah_cole.txt
  0635_emily_carter.txt
  0638_daniel_brooks.txt
  0639_lauren_mitchell.txt
  0641_devin_holloway.txt
  0642_elena_vargas.txt
  0643_tyler_bishop.txt
  0646_trevor_nguyen.txt
  0647_dana_whitaker.txt
  0648_luis_romero.txt
  0649_kelsey_boone.txt
  0651_darren_cole.txt
  0652_jasmine_patel.txt
  0653_marcus_holloway.txt
  0654_olivia_ramirez.txt
  0655_alyssa_moreno.txt
  0656_trevor_beck.txt
  0657_denise_holloway.txt
  0658_marcus_yates.txt
  0659_priya_sethi.txt
  0660_brianna_cole.txt
  0661_marcus_d_henson.txt
  0662_elena_park.txt
  0663_owen_ramirez.txt
  0664_tasha_nguyen.txt
  0665_monica_hale.txt
  0666_brandon_lee.txt
  0667_tasha_nguyen.txt
  0668_derek_molina.txt
  0669_felicia_brooks.txt
  0670_marissa_cole.txt
  0671_darnell_price.txt
  0672_evelyn_harper.txt
  0674_tessa_nguyen.txt
  0675_marissa_cole.txt
  0676_trevor_haines.txt
  0677_elena_brooks.txt
  0678_noah_whitaker.txt
  0679_kiara_sutton.txt
  0680_marissa_cole.txt
  0681_darren_whitfield.txt
  0683_owen_ramirez.txt
  0684_evelyn_price.txt
  0686_darren_holt.txt
  0687_kiara_monroe.txt
  0688_noah_whitaker.txt
  0689_priya_sethi.txt
  0690_natalie_brooks.txt
  0691_marcus_ellison.txt
  0694_evelyn_hart.txt
  0695_melissa_carter.txt
  0696_daniel_brooks.txt
  0698_marcus_hill.txt
  0699_hannah_nguyen.txt
  0700_marissa_cole.txt
  0701_trevor_lang.txt
  0702_elaine_foster.txt
  0703_darius_benton.txt
  0704_nicole_ramirez.txt
  0706_calvin_reese.txt
  0707_tiana_brooks.txt
  0708_darren_whitaker.txt
  0709_elena_park.txt
  0711_marcus_delaney.txt
  0713_daniel_ruiz.txt
  0716_darius_bennett.txt
  0717_evelyn_park.txt
  0718_nolan_reyes.txt
  0720_hannah_porter.txt
  0721_marcus_ellison.txt
  0723_robert_gaines.txt
  0724_sofia_mendoza.txt
  0725_alyssa_moreno.txt
  0726_darren_pike.txt
  0727_naomi_fletcher.txt
  0728_marcus_ellison.txt
  0731_marcus_hale.txt
  0732_priya_shah.txt
  0733_evelyn_carter.txt
  0734_jordan_kim.txt
  0735_marissa_doyle.txt
  0736_travis_mckenna.txt
  0737_evelyn_hart.txt
  0738_jerome_ellis.txt
  0739_16.txt
  0741_ethan_holloway.txt
  0742_denise_harper.txt
  0743_joel_mercer.txt
  0744_priya_bennett.txt
  0747_aisha_coleman.txt
  0748_christopher_yates.txt
  0749_lauren_bishop.txt
  0751_derek_holloway.txt
  0752_priya_nanduri.txt
  0753_evan_whitmore.txt
  0754_talia_mendoza.txt
  0755_marissa_doyle.txt
  0756_terrence_hall.txt
  0757_elena_vargas.txt
  0758_noah_bennett.txt
  0759_kiara_sutton.txt
  0760_marissa_cole.txt
  0761_devin_hart.txt
  0764_hannah_foster.txt
  0765_emily_carter.txt
  0766_marcus_hill.txt
  0767_sofia_ramirez.txt
  0769_rachel_nguyen.txt
  0770_marissa_cole.txt
  0771_trevor_nguyen.txt
  0773_elena_ramirez.txt
  0774_owen_parker.txt
  0775_marissa_cole.txt
  0778_aaliyah_mercer.txt
  0780_madison_keller.txt
  0782_priya_sandoval.txt
  0783_noah_whitaker.txt
  0786_brandon_lee.txt
  0788_noah_whitaker.txt
  0789_priya_donnelly.txt
  0790_marissa_cole.txt
  0791_terrence_brooks.txt
  0792_evelyn_price.txt
  0793_nolan_reyes.txt
  0796_darnell_price.txt
  0797_evelyn_shaw.txt
  0799_camille_nguyen.txt
  0800_marissa_cole.txt
  0802_denise_alvarez.txt
  0805_marissa_cole.txt
  0806_daniel_whitaker.txt
  0808_trevor_banks.txt
  0809_aisha_bennett.txt
  0810_natalie_brooks.txt
  0811_marcus_hill.txt
  0812_priya_nair.txt
  0813_connor_alvarez.txt
  0814_denise_carter.txt
  0816_melissa_grant.txt
  0817_trevor_miles.txt
  0819_raymond_cole.txt
  0820_aisha_patel.txt
  0822_darius_whitmore.txt
  0823_elena_pruitt.txt
  0824_colin_reyes.txt
  0825_priya_holloway.txt
  0830_priya_nanduri.txt
  0832_darren_whitaker.txt
  0833_keisha_bennett.txt
  0834_owen_patel.txt
  0835_elena_ramirez.txt
  0836_avery_collins.txt
  0837_marcus_hale.txt
  0839_daniel_brooks.txt
  0840_priya_sutton.txt
  0843_priya_daniels.txt
  0844_caleb_foster.txt
  0845_elena_ramirez.txt
  0846_marissa_cole.txt
  0847_terrence_bowman.txt
  0848_elena_ruiz.txt
  0850_dana_whitaker.txt
  0851_marissa_coleman.txt
  0853_danielle_park.txt
  0854_kevin_whitaker.txt
  0856_marissa_cole.txt
  0857_devin_hart.txt
  0859_aaron_bishop.txt
  0860_elena_brooks.txt
  0862_devon_mercer.txt
  0864_andre_bowers.txt
  0865_elena_foster.txt
  0869_raymond_ellis.txt
  0872_marcus_delaney.txt
  0873_tiana_mercer.txt
  0875_priya_sethi.txt
  0876_melissa_hart.txt
  0877_daniel_pierce.txt
  0878_priya_bennett.txt
  0879_robert_kim.txt
  0882_trevor_nguyen.txt
  0883_denise_holloway.txt
  0884_caleb_foster.txt
  0885_lila_bennett.txt
  0886_natalie_brooks.txt
  0888_jasmine_carter.txt
  0890_olivia_ramirez.txt
  0892_calvin_reese.txt
  0893_tiana_brooks.txt
  0895_selena_ward.txt
  0897_marcus_bell.txt
  0898_priya_sethi.txt
  0900_serena_caldwell.txt
  0902_daniel_price.txt
  0905_tasha_nguyen.txt
  0906_marissa_cole.txt
  0907_donovan_pierce.txt
  0909_ethan_holloway.txt
  0910_lila_monroe.txt
  0911_lauren_whitaker.txt
  0915_tessa_holloway.txt
  0916_marissa_holt.txt
  0918_kiara_bennett.txt
  0919_ronald_pierce.txt
  0920_elena_brooks.txt
  0922_daniel_ruiz.txt
  0924_owen_hart.txt
  0925_felicia_monroe.txt
  0926_marissa_cole.txt
  0929_trevor_mcneil.txt
  0930_aisha_bennett.txt
  0932_derek_holloway.txt
  0934_sean_whitaker.txt
  0937_marcus_ellison.txt
  0938_priya_hammond.txt
  0942_darnell_pierce.txt
  0945_priya_nanduri.txt
  0947_daniel_ruiz.txt
  0949_kevin_barlow.txt
  0950_priya_coleman.txt
  0951_allison_mercer.txt
  0955_danielle_brooks.txt
  0957_trevor_mullins.txt
  0958_danielle_foster.txt
  0959_ethan_caldwell.txt
  0960_jasmine_patel.txt
  0961_marissa_cole.txt
  0962_daniel_mercer.txt
  0963_priya_nand.txt
  0964_owen_whitaker.txt
  0965_elena_ruiz.txt
  0967_marcus_bell.txt
  0969_elena_brooks.txt
  0970_trevor_sloan.txt
  0971_brianna_holt.txt
  0973_elena_vargas.txt
  0974_calvin_reese.txt
  0975_nadia_pierce.txt
  0976_marissa_holt.txt
  0978_elena_vargas.txt
  0979_caleb_monroe.txt
  0980_simone_avery.txt
  0984_daniel_mercer.txt
  0985_aimee_collins.txt
  0986_avery_collins.txt
  0987_marcus_rivera.txt
  0988_priya_shah.txt
  0989_nolan_price.txt
  0990_elena_brooks.txt
  0991_marissa_cole.txt
  0992_terrence_boyd.txt
  0994_caleb_rios.txt
  0996_alyssa_moreno.txt
  0997_marcus_bell.txt
  0999_daniel_whitaker.txt
  1000_rebecca_sloan.txt
  1001_marissa_cole.txt
  1002_trevor_gaines.txt
  1003_keisha_benton.txt
  1004_owen_fletcher.txt
  1005_linda_park.txt
  1006_jonah_rice.txt
  1007_naomi_foster.txt
  1008_kelsey_tran.txt
  1009_hannah_wells.txt
  1010_marisol_keen.txt
  1011_melissa_carter.txt
  1012_brandon_lee.txt
  1013_priya_holloway.txt
  1014_evan_morales.txt
  1015_dana_whitaker.txt
  1017_darnell_price.txt
  1019_trevor_nguyen.txt
  1020_denise_alvarez.txt
  1021_marissa_cole.txt
  1022_jordan_velez.txt
  1023_alina_mercer.txt
  1024_devin_rusk.txt
  1025_priya_danner.txt
  1027_daniel_ruiz.txt
  1028_lauren_kim.txt
  1029_travis_bennett.txt
  1030_simone_carter.txt
  1031_lauren_mckee.txt
  1032_marcus_holloway.txt
  1033_priya_sandoval.txt
  1034_brianne_porter.txt
  1035_devon_whitaker.txt
  1036_emily_hart.txt
  1037_marcus_lee.txt
  1038_tasha_brooks.txt
  1039_daniel_ruiz.txt
  1040_lauren_whitaker.txt
  1041_jenna_morales.txt
  1042_caleb_turner.txt
  1043_brianna_cole.txt
  1044_eric_holloway.txt
  1045_naomi_patel.txt
  1046_emily_harper.txt
  1047_marcus_lee.txt
  1048_alicia_torres.txt
  1049_thomas_waller.txt
  1050_priya_nair.txt
  1051_marissa_cole.txt
  1052_derek_vaughn.txt
  1053_lydia_bennett.txt
  1054_jordan_ellis.txt
  1055_simone_harper.txt
  1056_melissa_harper.txt
  1057_brandon_ellis.txt
  1058_priya_bennett.txt
  1059_trevor_mclean.txt
  1060_alana_brooks.txt
  1061_marissa_gomez.txt
  1062_daniel_brooks.txt
  1063_kelsey_harper.txt
  1064_aaron_miller.txt
  1065_tiana_rivera.txt
  1066_hannah_mercer.txt
  1067_marcus_ellison.txt
  1068_kiara_bennett.txt
  1069_daniel_rios.txt
  1070_brooke_callahan.txt
  1071_erica_nolan.txt
  1072_marcus_bell.txt
  1073_tyrese_coleman.txt
  1074_hannah_pierce.txt
  1075_olivia_ramirez.txt
  1076_melissa_garner.txt
  1077_jordan_pike.txt
  1078_renee_holloway.txt
  1079_ethan_morales.txt
  1080_claire_sutton.txt
  1081_megan_ortiz.txt
  1082_travis_boone.txt
  1083_danielle_price.txt
  1084_jesse_rowan.txt
  1085_marcus_lee.txt
  1086_logan_mercer.txt
  1087_jasmine_holloway.txt
  1088_ethan_salazar.txt
  1089_monica_pierce.txt
  1090_tyler_nguyen.txt
  1091_alyssa_moreno.txt
  1092_brandon_ellis.txt
  1093_kendra_willis.txt
  1094_daniel_cho.txt
  1095_kelly_ramirez.txt
  1096_melissa_carter.txt
  1097_darren_brooks.txt
  1098_jasmine_nguyen.txt
  1099_kevin_holloway.txt
  1100_priya_shah.txt
  1101_alyssa_moreno.txt
  1102_brian_kellogg.txt
  1103_danielle_price.txt
  1104_marcus_ellison.txt
  1105_tiffany_hsu.txt
  1106_lauren_bishop.txt
  1107_marcus_holloway.txt
  1108_priya_nand.txt
  1109_evelyn_hart.txt
  1110_jordan_pike.txt
  1111_marissa_coleman.txt
  1112_daniel_ruiz.txt
  1113_tiana_brooks.txt
  1114_kevin_whitaker.txt
  1115_alyssa_nguyen.txt
  1116_melissa_grant.txt
  1117_darren_holloway.txt
  1118_priya_nand.txt
  1119_jordan_pike.txt
  1120_elena_brooks.txt
  1121_melissa_carter.txt
  1122_jordan_ellis.txt
  1123_tasha_nguyen.txt
  1124_eric_holloway.txt
  1125_brianna_lopez.txt
  1126_lauren_pike.txt
  1127_marcus_holloway.txt
  1128_priya_nair.txt
  1129_daniel_crowe.txt
  1130_tessa_monroe.txt
  1131_emily_harper.txt
  1132_daniel_ruiz.txt
  1133_nicole_bennett.txt
  1134_marcus_lee.txt
  1135_ava_monroe.txt
  1136_melissa_garner.txt
  1137_jordan_pike.txt
  1138_dana_whitmore.txt
  1139_robert_salazar.txt
  1140_priya_holloway.txt
  1141_jenna_morales.txt
  1142_tasha_greene.txt
  1143_eric_holden.txt
  1144_marcus_lee.txt
  1145_olivia_grant.txt
  1146_maya_ellison.txt
  1147_daniel_mercer.txt
  1148_keisha_vaughn.txt
  1149_ethan_caldwell.txt
  1150_lauren_pierce.txt
  1151_lauren_mitchell.txt
  1152_kate_monroe.txt
  1153_eric_salazar.txt
  1154_dana_pierce.txt
  1155_marcus_harris.txt
  1156_allison_pierce.txt
  1157_marcus_holloway.txt
  1158_renee_alvarez.txt
  1159_troy_whitaker.txt
  1160_naomi_chen.txt
  1162_daniel_mercer.txt
  1163_tiana_brooks.txt
  1164_owen_barrett.txt
  1165_felicia_nguyen.txt
  1166_marissa_cole.txt
  1167_darren_whitlock.txt
  1168_kiara_benton.txt
  1169_owen_mercer.txt
  1170_helena_ruiz.txt
  1171_alyssa_moreno.txt
  1172_marcus_whitaker.txt
  1174_darren_cole.txt
  1175_brianna_kim.txt
  1177_marcus_reed.txt
  1178_sierra_patel.txt
  1179_daniel_brooks.txt
  1180_natalie_foster.txt
  1181_hannah_keller.txt
  1182_marcus_dorsey.txt
  1183_lena_whitcomb.txt
  1184_owen_pritchard.txt
  1185_tessa_moreno.txt
  1186_daniel_mercer.txt
  1187_tasha_reynolds.txt
  1188_brianna_cole.txt
  1189_marcus_han.txt
  1190_olivia_beck.txt
  1191_dana_whitaker.txt
  1192_marcus_ellison.txt
  1193_priya_dawson.txt
  1194_leo_mcbride.txt
  1195_sabrina_holt.txt
  1196_allison_pike.txt
  1197_marcus_holloway.txt
  1198_priya_nanduri.txt
  1199_denise_carver.txt
  1200_trevor_malloy.txt
  1201_megan_holloway.txt
  1202_daniel_mercer.txt
  1203_priya_sethi.txt
  1205_alicia_romero.txt
  1206_marissa_cole.txt
  1207_daniel_mercer.txt
  1208_priya_henson.txt
  1209_owen_barrett.txt
  1210_elena_ruiz.txt
  1211_allison_mercer.txt
  1212_darius_holloway.txt
  1213_priya_donnelly.txt
  1214_miguel_soria.txt
  1215_jenna_whitaker.txt
  1216_marissa_cole.txt
  1217_daniel_mercer.txt
  1218_tasha_nguyen.txt
  1219_owen_barrett.txt
  1220_priya_ellison.txt
  1221_megan_holloway.txt
  1222_daniel_ruiz.txt
  1223_alyssa_chen.txt
  1224_marcus_bell.txt
  1225_tanya_brooks.txt
  1226_marissa_cole.txt
  1227_darren_whitaker.txt
  1228_lena_park.txt
  1229_isaiah_bennett.txt
  1230_holly_ramirez.txt
  1231_danielle_ortiz.txt
  1232_kelsey_moran.txt
  1233_jordan_patel.txt
  1235_trevor_kim.txt
  1236_marissa_cole.txt
  1237_daniel_mercer.txt
  1238_tasha_nguyen.txt
  1239_everett_blake.txt
  1240_brianna_foster.txt
  1241_hannah_brooks.txt
  1242_marcus_ellison.txt
  1243_priya_desai.txt
  1244_luis_ramirez.txt
  1245_alyssa_turner.txt
  1246_marissa_cole.txt
  1247_derrick_harmon.txt
  1248_talia_nguyen.txt
  1249_oscar_delgado.txt
  1250_jasmine_rowe.txt
  1251_marissa_cole.txt
  1252_devon_whitaker.txt
  1254_trevor_hanley.txt
  1255_kiara_bennett.txt
  1256_lauren_mckay.txt
  1258_brianna_soto.txt
  1259_devin_harlow.txt
  1260_hannah_pierce.txt
  1261_marissa_cole.txt
  1262_darnell_price.txt
  1263_naomi_reeves.txt
  1264_ethan_holloway.txt
  1265_priya_nair.txt
  1266_marissa_doyle.txt
  1267_ethan_pritchard.txt
  1268_tiana_mercer.txt
  1269_nolan_reyes.txt
  1270_alana_brooks.txt
  1271_alyssa_moreno.txt
  1272_daniel_price.txt
  1273_jasmine_bell.txt
  1274_trevor_kline.txt
  1276_madison_reed.txt
  1277_trevor_collins.txt
  1278_alana_brooks.txt
  1279_gabriel_foster.txt
  1280_kiara_bennett.txt
  1281_marissa_cole.txt
  1282_devin_hart.txt
  1284_luke_bennett.txt
  1285_elena_vasquez.txt
  1286_marissa_cole.txt
  1287_kevin_pritchard.txt
  1289_thomas_grady.txt
  1290_alina_brooks.txt
  1291_melissa_garner.txt
  1292_daniel_price.txt
  1293_priya_holloway.txt
  1294_trevor_mcneil.txt
  1295_erica_sutton.txt
  1296_marissa_cole.txt
  1297_darnell_pierce.txt
  1298_elena_brooks.txt
  1299_travis_nguyen.txt
  1300_brianna_foster.txt
  1301_megan_holloway.txt
  1302_darius_bennett.txt
  1303_elena_ruiz.txt
  1304_caleb_morton.txt
  1305_priya_desai.txt
  1306_madison_lee.txt
  1307_trevor_haines.txt
  1308_carmen_alvarez.txt
  1309_owen_parker.txt
  1310_nicole_benton.txt
  1311_alyssa_carter.txt
  1313_maya_ellis.txt
  1314_terrence_holt.txt
  1315_priya_raman.txt
  1316_jorge_salazar.txt
  1317_lauren_pierce.txt
  1318_camille_rosen.txt
  1319_marcus_dillard.txt
  1320_devon_hart.txt
  1322_jordan_pike.txt
  1323_kayla_monroe.txt
  1324_travis_coleman.txt
  1325_aisha_bennett.txt
  1327_lauren_reese.txt
  1328_mateo_silva.txt
  1329_brooke_hanley.txt
  1330_omar_whitfield.txt
  1331_emily_harper.txt
  1332_marcus_bell.txt
  1333_sofia_martinez.txt
  1334_noah_whitaker.txt
  1335_aaliyah_brooks.txt
  1337_brittany_cole.txt
  1338_tyler_jennings.txt
  1339_rachel_nguyen.txt
  1340_javier_ortiz.txt
  1341_marissa_cole.txt
  1342_daniel_mercer.txt
  1343_priya_nanduri.txt
  1344_everett_banks.txt
  1345_elena_hart.txt
  1346_nathan_holloway.txt
  1347_jocelyn_pike.txt
  1348_caleb_monroe.txt
  1349_tiana_brooks.txt
  1350_russell_kim.txt
  1351_lauren_whitfield.txt
  1352_marcus_holloway.txt
  1353_brianna_cole.txt
  1354_steven_parrish.txt
  1355_denise_harlan.txt
  1357_angela_ruiz.txt
  1358_harold_beck.txt
  1359_nia_thompson.txt
  1360_owen_mercer.txt
  1361_lauren_mcbride.txt
  1362_brandon_ellis.txt
  1364_caleb_morton.txt
  1365_tessa_alvarez.txt
  1447_aisha_manning.txt
  1448_caleb_foster.txt
  1449_priya_nair.txt
  1450_jordan_bell.txt
  1455_renee_holloway.txt
  1458_bryce_connelly.txt
  1460_owen_farley.txt
  1462_daniel_mercer.txt
  1463_tiana_brooks.txt
  1464_owen_fletcher.txt
  1466_caleb_hinton.txt
  1467_elena_torres.txt
  1468_marcus_ellison.txt
  1469_holly_nguyen.txt
  1470_grant_holloway.txt
  1473_brooke_callahan.txt
  1475_tessa_nguyen.txt
  1477_alyssa_porter.txt
  1478_omar_patel.txt
  1479_erica_shelton.txt
  1480_jonah_whitaker.txt
  1481_marissa_cole.txt
  1482_devin_holloway.txt
  1483_elena_watkins.txt
  1484_caleb_mercer.txt
  1485_priya_nair.txt
  1486_hank_dorsey.txt
  1489_janelle_brooks.txt
  1490_trevor_lind.txt
  1491_marissa_cole.txt
  1493_tasha_greene.txt
  1494_victor_salazar.txt
  1495_erin_whitfield.txt
  1496_kevin_booker.txt
  1497_linda_park.txt
  1499_noelle_ramsey.txt
  1500_russell_dean.txt
  1503_denise_calloway.txt
  1504_ethan_pike.txt
  1505_hannah_rios.txt
  1507_brianna_cho.txt
  1509_maya_bell.txt
  1510_noah_whitaker.txt
  1511_lauren_mcbride.txt
  1512_darren_holloway.txt
  1514_marcus_ellison.txt
  1515_priya_banerjee.txt
  1516_caleb_foster.txt
  1523_nicole_benton.txt
  1527_hannah_whitaker.txt
  1534_damian_reyes.txt
  1544_caleb_foster.txt
  1553_andrea_morales.txt
  1558_omar_jenkins.txt
  1564_nathaniel_brooks.txt
  1582_marcus_lee.txt
  1592_jordan_ramirez.txt
  1594_marcus_lee.txt
  1622_marcus_holloway.txt
  1654_josephine_reed.txt

