[2026-03-16 20:11:08] source=Team management - Pantima - Notes_Contact_Cleaned.csv total=232
  0467_marcus.txt
  0468_priya.txt
  0469_lauren.txt
  0470_derrick.txt
  0471_nina.txt
  0472_megan.txt
  0474_alyssa.txt
  0475_brandon.txt
  0476_naomi.txt
  0477_ava.txt
  0478_marcus.txt
  0479_naomi.txt
  0480_maya.txt
  0485_priya.txt
  0486_megan.txt
  0487_travis.txt
  0488_alicia.txt
  0489_ava.txt
  0490_marcus.txt
  0491_nina.txt
  0492_alyssa.txt
  0494_priya.txt
  0495_megan.txt
  0496_travis.txt
  0497_alina.txt
  0498_lauren.txt
  0499_marcus.txt
  0500_priya.txt
  0501_megan.txt
  0502_travis.txt
  0503_priya.txt
  0504_avery.txt
  0505_nolan.txt
  0506_camille.txt
  0507_avery.txt
  0508_caleb.txt
  0509_naomi.txt
  0510_ava.txt
  0511_marcus.txt
  0512_jenna.txt
  0513_amber.txt
  0514_trevor.txt
  0515_denise.txt
  0516_megan.txt
  0517_jordan.txt
  0518_priya.txt
  0519_jenna.txt
  0520_marcus.txt
  0521_alina.txt
  0522_melissa.txt
  0523_darren.txt
  0524_alyssa.txt
  0525_marcus.txt
  0526_priya.txt
  0527_ava.txt
  0528_marcus.txt
  0529_priya.txt
  0530_marissa.txt
  0531_marissa.txt
  0532_alyssa.txt
  0533_brendan.txt
  0534_tessa.txt
  0535_alyssa.txt
  0536_marcus.txt
  0537_priya.txt
  0538_alyssa.txt
  0539_marcus.txt
  0540_priya.txt
  0541_melissa.txt
  0542_andre.txt
  0543_priya.txt
  0544_alyssa.txt
  0545_jordan.txt
  0546_renee.txt
  0547_maya.txt
  0548_jordan.txt
  0549_elena.txt
  0550_marissa.txt
  0551_darren.txt
  0552_priya.txt
  0553_megan.txt
  0554_aaron.txt
  0555_priya.txt
  0556_maya_t.txt
  0557_jordan_p.txt
  0558_claire_n.txt
  0559_alyssa.txt
  0560_marcus.txt
  0561_priya.txt
  0562_maya.txt
  0563_trevor.txt
  0564_brianna.txt
  0565_alyssa.txt
  0566_marcus.txt
  0567_priya.txt
  0568_megan.txt
  0569_trevor.txt
  0570_alina.txt
  0571_alyssa.txt
  0572_marcus.txt
  0573_priya.txt
  0574_marissa.txt
  0575_devin.txt
  0576_aimee.txt
  0577_alyssa.txt
  0578_marcus.txt
  0579_priya.txt
  0580_marissa.txt
  0581_alyssa.txt
  0582_marcus.txt
  0583_priya.txt
  0584_alyssa.txt
  0585_trevor.txt
  0586_brianna.txt
  0587_alyssa.txt
  0588_marcus.txt
  0589_priya.txt
  0590_ava.txt
  0591_marcus.txt
  0592_nia.txt
  0593_alyssa.txt
  0594_trevor.txt
  0595_naomi.txt
  0596_avery.txt
  0597_malcolm.txt
  0598_priya.txt
  0599_melissa.txt
  0600_trevor.txt
  0601_denise.txt
  0602_alyssa.txt
  0603_marcus.txt
  0604_priya.txt
  0605_alyssa.txt
  0606_marcus.txt
  0607_priya.txt
  0608_marissa_cole.txt
  0609_trevor_maddox.txt
  0610_felicia_nguyen.txt
  0611_melissa_garner.txt
  0612_andre_whitaker.txt
  0613_priya_holloway.txt
  0614_monica_alvarez.txt
  0615_trevor_whitman.txt
  0616_priya_holloway.txt
  0617_melissa_carter.txt
  0618_brandon_lee.txt
  0619_priya_holloway.txt
  0620_marissa_cole.txt
  0621_daniel_mercer.txt
  0622_keisha_bennett.txt
  0623_natalie_brooks.txt
  0624_darnell_price.txt
  0625_priya_ellison.txt
  0626_marissa_doyle.txt
  0627_travis_whitaker.txt
  0629_melissa_grant.txt
  0630_darren_cole.txt
  0631_brianna_owens.txt
  0632_marissa_cole.txt
  0634_danielle_mercer.txt
  0635_marissa_coleman.txt
  0637_denise_whitaker.txt
  0638_marissa_cole.txt
  0639_trevor_haines.txt
  0640_evelyn_park.txt
  0642_darren_whitlock.txt
  0643_tiana_brooks.txt
  0644_marissa_holt.txt
  0645_derek_vaughn.txt
  0646_nia_carpenter.txt
  0647_melissa_rowan.txt
  0648_darren_pike.txt
  0649_jasmine_holloway.txt
  0650_marissa_cole.txt
  0651_trevor_whitman.txt
  0652_denise_holloway.txt
  0653_marissa_doyle.txt
  0654_calvin_mercer.txt
  0655_elena_whitaker.txt
  0656_marissa_cole.txt
  0658_sabrina_nguyen.txt
  0659_marissa_cole.txt
  0662_marissa_cole.txt
  0664_denise_harper.txt
  0665_monica_reyes.txt
  0666_terrence_bloom.txt
  0668_marissa_cole.txt
  0669_devin_r_holloway.txt
  0670_lila_nguyen.txt
  0672_marcus_holloway.txt
  0673_priya_sanderson.txt
  0674_alyssa_moreno.txt
  0676_priya_callahan.txt
  0678_trevor_haines.txt
  0679_denise_whitaker.txt
  0680_marissa_kline.txt
  0682_sheila_dunne.txt
  0683_marissa_holt.txt
  0684_darnell_pierce.txt
  0685_elena_whitaker.txt
  0686_marissa_holt.txt
  0687_devin_mercer.txt
  0688_kiara_benson.txt
  0700_marissa_cole.txt
  0701_owen_prescott.txt
  0702_kiara_boone.txt
  0703_marissa_holt.txt
  0704_trevor_gaines.txt
  0705_cynthia_park.txt
  0706_damon_reeves.txt
  0707_felicia_monroe.txt
  0708_marissa_cole.txt
  0710_elaine_porter.txt
  0711_trevor_mccann.txt
  0712_bianca_russo.txt
  0713_brianna_holt.txt
  0714_marcus_nguyen.txt
  0715_elena_carver.txt
  0716_derek_lawson.txt
  0717_jocelyn_mercer.txt
  0719_terrence_hall.txt
  0720_evelyn_hart.txt
  0721_caleb_foster.txt
  0722_darlene_brooks.txt
  0724_aaron_whitfield.txt
  0725_lena_hart.txt
  0727_caitlin_reeves.txt
  0728_monica_hale.txt
  0729_darius_wynn.txt
  0730_alicia_bernard.txt
  0732_serena_brooks.txt
  0733_marissa_cole.txt

